<html>
<body>
<pre>
<h1>µVision Build Log</h1>
<h2>Project:</h2>
C:\Keil\EE319Kware\lab10-avishka\SpaceInvaders.uvproj
Project File Date:  05/02/2017

<h2>Output:</h2>
Build target 'SpaceInvaders'
linking...
Program Size: Code=13584 RO-data=87656 RW-data=156 ZI-data=5500  
".\SpaceInvaders.axf" - 0 Error(s), 0 Warning(s).
Load "C:\\Keil\\EE319Kware\\lab10-avishka\\SpaceInvaders.axf" 
Connecting: Mode=JTAG, Speed=1000000Hz
Erase Done.
Programming Done.
Verify OK.
</pre>
</body>
</html>
 Flash Download failed  -  "Cortex-M4"
r(s), 1 Warning(s).
Target not created
Load "C:\\Keil\\EE319Kware\\lab10-avishka\\SpaceInvaders.axf" 
_____^
*** error 56: cannot open file
Error: Flash Download failed  -  Could not load file 'C:\Keil\EE319Kware\lab10-avishka\SpaceInvaders.axf'
                       selectedDifficulty = (selectedDifficulty + 1)%3;
Menu.c: 1 warning, 0 errors
linking...
Program Size: Code=13584 RO-data=87656 RW-data=156 ZI-data=5500  
".\SpaceInvaders.axf" - 0 Error(s), 2 Warning(s).
Load "C:\\Keil\\EE319Kware\\lab10-avishka\\SpaceInvaders.axf" 
Connecting: Mode=JTAG, Speed=1000000Hz
Erase Done.
Programming Done.
Verify OK.
compiling Menu.c...
Menu.c(43): warning:  #188-D: enumerated type mixed with another type
                                selectedDifficulty = (selectedDifficulty + 1)%3;
Menu.c: 1 warning, 0 errors
"Menu.c" - 0 Error(s), 1 Warning(s).
