ARM Linker, 5.03 [Build 76] [MDK-ARM Professional]

==============================================================================

Section Cross References

    startup.o(STACK) refers (Special) to heapauxi.o(.text) for __use_two_region_memory
    startup.o(HEAP) refers (Special) to heapauxi.o(.text) for __use_two_region_memory
    startup.o(RESET) refers (Special) to heapauxi.o(.text) for __use_two_region_memory
    startup.o(RESET) refers to startup.o(STACK) for StackMem
    startup.o(RESET) refers to spaceinvaders.o(i.SysTick_Handler) for SysTick_Handler
    startup.o(RESET) refers to timer0.o(i.Timer0A_Handler) for Timer0A_Handler
    startup.o(RESET) refers to timer1.o(i.Timer1A_Handler) for Timer1A_Handler
    startup.o(RESET) refers to texas.o(.text) for Timer4A_Handler
    startup.o(RESET) refers to __main.o(!!!main) for __main
    startup.o(.text) refers (Special) to heapauxi.o(.text) for __use_two_region_memory
    startup.o(.text) refers to startup.o(HEAP) for HeapMem
    startup.o(.text) refers to startup.o(STACK) for StackMem
    random.o(.text) refers to random.o(DATA) for M
    adc.o(i.getShipAngle) refers to adc.o(i.ADC1_Input) for ADC1_Input
    adc.o(i.getYThrust) refers to adc.o(i.ADC2_Input) for ADC2_Input
    timer0.o(i.Timer0A_Handler) refers to timer0.o(.data) for PeriodicTask0
    timer0.o(i.Timer0_Init) refers to timer0.o(.data) for PeriodicTask0
    timer1.o(i.Timer1A_Handler) refers to timer1.o(i.checkToSpawnAsteroid) for checkToSpawnAsteroid
    timer1.o(i.Timer1A_Handler) refers to timer1.o(.data) for currentTime
    timer1.o(i.checkToSpawnAsteroid) refers to timer1.o(i.spawnAsteroid) for spawnAsteroid
    timer1.o(i.checkToSpawnAsteroid) refers to st7735.o(i.ST7735_DrawBitmap) for ST7735_DrawBitmap
    timer1.o(i.checkToSpawnAsteroid) refers to timer1.o(.data) for currentTime
    timer1.o(i.checkToSpawnAsteroid) refers to spaceinvaders.o(.bss) for asteroidObjects
    timer1.o(i.checkToSpawnAsteroid) refers to images.o(.constdata) for asteroidRightWhite
    timer1.o(i.checkToSpawnAsteroid) refers to spaceinvaders.o(.data) for windowLocation
    timer1.o(i.setSpawnRate) refers to timer1.o(.data) for spawnRate
    timer1.o(i.spawnAsteroid) refers to random.o(.text) for Random32
    timer1.o(i.spawnAsteroid) refers to spaceinvaders.o(.data) for windowLocation
    timer1.o(i.spawnAsteroid) refers to timer1.o(.data) for currentPosition
    timer1.o(i.spawnAsteroid) refers to spaceinvaders.o(.bss) for asteroidObjects
    timer1.o(i.spawnAsteroid) refers to images.o(.constdata) for asteroidLeft
    sound.o(i.Sound_Play) refers to sound.o(.constdata) for loop2
    sound.o(i.Sound_Play) refers to sound.o(.data) for location
    print.o(.text) refers (Special) to st7735.o(i.ST7735_OutChar) for ST7735_OutChar
    print.o(.text) refers (Special) to st7735.o(i.ST7735_OutString) for ST7735_OutString
    spaceinvaders.o(i.SysTick_Handler) refers to adc.o(i.getYThrust) for getYThrust
    spaceinvaders.o(i.SysTick_Handler) refers to adc.o(i.getShipAngle) for getShipAngle
    spaceinvaders.o(i.SysTick_Handler) refers to spaceinvaders.o(i.deleteAllOldImages) for deleteAllOldImages
    spaceinvaders.o(i.SysTick_Handler) refers to physicsengine.o(i.updatePosition) for updatePosition
    spaceinvaders.o(i.SysTick_Handler) refers to spaceinvaders.o(i.updateWindowLocation) for updateWindowLocation
    spaceinvaders.o(i.SysTick_Handler) refers to spaceinvaders.o(i.paintShip) for paintShip
    spaceinvaders.o(i.SysTick_Handler) refers to spaceinvaders.o(i.paintAsteroids) for paintAsteroids
    spaceinvaders.o(i.SysTick_Handler) refers to spaceinvaders.o(i.paintEnvironment) for paintEnvironment
    spaceinvaders.o(i.SysTick_Handler) refers to spaceinvaders.o(i.displayData) for displayData
    spaceinvaders.o(i.SysTick_Handler) refers to spaceinvaders.o(.bss) for entities
    spaceinvaders.o(i.SysTick_Handler) refers to spaceinvaders.o(.data) for shipAngle
    spaceinvaders.o(i.checkBitmapMatrix) refers to spaceinvaders.o(.bss) for bitmapMatrix
    spaceinvaders.o(i.createPlayer) refers to spaceinvaders.o(.bss) for entities
    spaceinvaders.o(i.deleteAllOldImages) refers to st7735.o(i.ST7735_FillRect) for ST7735_FillRect
    spaceinvaders.o(i.deleteAllOldImages) refers to spaceinvaders.o(.bss) for entities
    spaceinvaders.o(i.deleteAllOldImages) refers to spaceinvaders.o(.data) for windowLocation
    spaceinvaders.o(i.displayData) refers to st7735.o(i.ST7735_SetCursor) for ST7735_SetCursor
    spaceinvaders.o(i.displayData) refers to st7735.o(i.ST7735_OutString) for ST7735_OutString
    spaceinvaders.o(i.displayData) refers to spaceinvaders.o(i.printData) for printData
    spaceinvaders.o(i.displayData) refers to spaceinvaders.o(.data) for fuel
    spaceinvaders.o(i.displayData) refers to spaceinvaders.o(.bss) for entities
    spaceinvaders.o(i.drawRotatedShip) refers to spaceinvaders.o(i.getNewX) for getNewX
    spaceinvaders.o(i.drawRotatedShip) refers to spaceinvaders.o(i.getNewY) for getNewY
[...]
    physicsengine.o(i.collisionDetection) refers to spaceinvaders.o(.bss) for entities
    physicsengine.o(i.collisionDetection) refers to spaceinvaders.o(.data) for crashed
    physicsengine.o(i.getDistance) refers to physicsengine.o(i.getApproximateSquareRoot) for getApproximateSquareRoot
    physicsengine.o(i.getXComponentVelocity) refers to physicsengine.o(.constdata) for cosLookUp
    physicsengine.o(i.getYComponentVelocity) refers to physicsengine.o(.constdata) for sinLookUp
    physicsengine.o(i.updateAsteroids) refers to st7735.o(i.ST7735_FillRect) for ST7735_FillRect
    physicsengine.o(i.updateAsteroids) refers to spaceinvaders.o(.bss) for asteroidObjects
    physicsengine.o(i.updateAsteroids) refers to spaceinvaders.o(.data) for windowLocation
    physicsengine.o(i.updateAsteroids) refers to physicsengine.o(.data) for GRAVITY
    physicsengine.o(i.updateFuel) refers to spaceinvaders.o(.data) for fuel
    physicsengine.o(i.updatePosition) refers to physicsengine.o(i.checkShipLanded) for checkShipLanded
    physicsengine.o(i.updatePosition) refers to physicsengine.o(i.updateVelocity) for updateVelocity
    physicsengine.o(i.updatePosition) refers to physicsengine.o(i.updateAsteroids) for updateAsteroids
    physicsengine.o(i.updatePosition) refers to physicsengine.o(i.updateFuel) for updateFuel
    physicsengine.o(i.updatePosition) refers to physicsengine.o(i.collisionDetection) for collisionDetection
    physicsengine.o(i.updatePosition) refers to spaceinvaders.o(.bss) for entities
    physicsengine.o(i.updateVelocity) refers to physicsengine.o(i.checkInteractions) for checkInteractions
    physicsengine.o(i.updateVelocity) refers to physicsengine.o(i.getXComponentVelocity) for getXComponentVelocity
    physicsengine.o(i.updateVelocity) refers to physicsengine.o(i.getYComponentVelocity) for getYComponentVelocity
    physicsengine.o(i.updateVelocity) refers to physicsengine.o(.data) for shipOnGround
    physicsengine.o(i.updateVelocity) refers to spaceinvaders.o(.bss) for entities
    menu.o(i.pollForInput) refers to st7735.o(i.ST7735_DrawBitmap) for ST7735_DrawBitmap
    menu.o(i.pollForInput) refers to menu.o(i.Delay100ms) for Delay100ms
    menu.o(i.pollForInput) refers to menu.o(i.pollForRelease) for pollForRelease
    menu.o(i.pollForInput) refers to st7735.o(i.ST7735_FillRect) for ST7735_FillRect
    menu.o(i.pollForInput) refers to images.o(.constdata) for asteroidRight
    menu.o(i.pollForInput) refers to spaceinvaders.o(.data) for currentDifficulty
    menu.o(i.pollForRelease) refers to spaceinvaders.o(.data) for seed
    menu.o(i.pollForRelease2) refers to spaceinvaders.o(.data) for seed
    menu.o(i.startMenu) refers to menu.o(i.disableUneededInterrupts) for disableUneededInterrupts
    menu.o(i.startMenu) refers to st7735.o(i.ST7735_SetRotation) for ST7735_SetRotation
    menu.o(i.startMenu) refers to st7735.o(i.ST7735_FillScreen) for ST7735_FillScreen
    menu.o(i.startMenu) refers to st7735.o(i.ST7735_DrawBitmap) for ST7735_DrawBitmap
    menu.o(i.startMenu) refers to menu.o(i.pollForInput) for pollForInput
    menu.o(i.startMenu) refers to images.o(.constdata) for menu
    texas.o(.text) refers to texas.o(.bss) for TExaS
    texas.o(.text) refers to texas.o(.constdata) for IntroMsg
    texas.o(.text) refers to texas.o(.data) for LastMode
    __main.o(!!!main) refers to rtentry.o(.ARM.Collect$$rtentry$$00000000) for __rt_entry
    rtentry.o(.ARM.Collect$$rtentry$$00000000) refers (Special) to rtentry2.o(.ARM.Collect$$rtentry$$0000000A) for __rt_entry_li
    rtentry.o(.ARM.Collect$$rtentry$$00000000) refers (Special) to rtentry2.o(.ARM.Collect$$rtentry$$0000000D) for __rt_entry_main
    rtentry.o(.ARM.Collect$$rtentry$$00000000) refers (Special) to rtentry2.o(.ARM.Collect$$rtentry$$0000000C) for __rt_entry_postli_1
    rtentry.o(.ARM.Collect$$rtentry$$00000000) refers (Special) to rtentry2.o(.ARM.Collect$$rtentry$$00000009) for __rt_entry_postsh_1
    rtentry.o(.ARM.Collect$$rtentry$$00000000) refers (Special) to rtentry2.o(.ARM.Collect$$rtentry$$00000002) for __rt_entry_presh_1
    rtentry.o(.ARM.Collect$$rtentry$$00000000) refers (Special) to rtentry4.o(.ARM.Collect$$rtentry$$00000004) for __rt_entry_sh
    rtentry2.o(.ARM.Collect$$rtentry$$00000008) refers to boardinit2.o(.text) for _platform_post_stackheap_init
    rtentry2.o(.ARM.Collect$$rtentry$$0000000A) refers to libinit.o(.ARM.Collect$$libinit$$00000000) for __rt_lib_init
    rtentry2.o(.ARM.Collect$$rtentry$$0000000B) refers to boardinit3.o(.text) for _platform_post_lib_init
    rtentry2.o(.ARM.Collect$$rtentry$$0000000D) refers to spaceinvaders.o(i.main) for main
    rtentry2.o(.ARM.Collect$$rtentry$$0000000D) refers to exit.o(.text) for exit
    rtentry2.o(.ARM.exidx) refers to rtentry2.o(.ARM.Collect$$rtentry$$00000001) for .ARM.Collect$$rtentry$$00000001
    rtentry2.o(.ARM.exidx) refers to rtentry2.o(.ARM.Collect$$rtentry$$00000008) for .ARM.Collect$$rtentry$$00000008
    rtentry2.o(.ARM.exidx) refers to rtentry2.o(.ARM.Collect$$rtentry$$0000000A) for .ARM.Collect$$rtentry$$0000000A
    rtentry2.o(.ARM.exidx) refers to rtentry2.o(.ARM.Collect$$rtentry$$0000000B) for .ARM.Collect$$rtentry$$0000000B
    rtentry2.o(.ARM.exidx) refers to rtentry2.o(.ARM.Collect$$rtentry$$0000000D) for .ARM.Collect$$rtentry$$0000000D
    rtentry4.o(.ARM.Collect$$rtentry$$00000004) refers to sys_stackheap_outer.o(.text) for __user_setup_stackheap
    rtentry4.o(.ARM.exidx) refers to rtentry4.o(.ARM.Collect$$rtentry$$00000004) for .ARM.Collect$$rtentry$$00000004
    sys_stackheap_outer.o(.text) refers to libspace.o(.text) for __user_perproc_libspace
    sys_stackheap_outer.o(.text) refers to startup.o(.text) for __user_initial_stackheap
    exit.o(.text) refers to rtexit.o(.ARM.Collect$$rtexit$$00000000) for __rt_exit
    libinit.o(.ARM.Collect$$libinit$$00000000) refers (Special) to libinit2.o(.ARM.Collect$$libinit$$0000002C) for __rt_lib_init_alloca_1
    libinit.o(.ARM.Collect$$libinit$$00000000) refers (Special) to libinit2.o(.ARM.Collect$$libinit$$0000002A) for __rt_lib_init_argv_1
    libinit.o(.ARM.Collect$$libinit$$00000000) refers (Special) to libinit2.o(.ARM.Collect$$libinit$$00000019) for __rt_lib_init_atexit_1
    libinit.o(.ARM.Collect$$libinit$$00000000) refers (Special) to libinit2.o(.ARM.Collect$$libinit$$0000001F) for __rt_lib_init_clock_1
    libinit.o(.ARM.Collect$$libinit$$00000000) refers (Special) to libinit2.o(.ARM.Collect$$libinit$$00000030) for __rt_lib_init_cpp_1
    libinit.o(.ARM.Collect$$libinit$$00000000) refers (Special) to libinit2.o(.ARM.Collect$$libinit$$0000002E) for __rt_lib_init_exceptions_1
    libinit.o(.ARM.Collect$$libinit$$00000000) refers (Special) to libinit2.o(.ARM.Collect$$libinit$$00000002) for __rt_lib_init_fp_1
    libinit.o(.ARM.Collect$$libinit$$00000000) refers (Special) to libinit2.o(.ARM.Collect$$libinit$$0000001D) for __rt_lib_init_fp_trap_1
    libinit.o(.ARM.Collect$$libinit$$00000000) refers (Special) to libinit2.o(.ARM.Collect$$libinit$$00000021) for __rt_lib_init_getenv_1
    libinit.o(.ARM.Collect$$libinit$$00000000) refers (Special) to libinit2.o(.ARM.Collect$$libinit$$00000008) for __rt_lib_init_heap_1
    libinit.o(.ARM.Collect$$libinit$$00000000) refers (Special) to libinit2.o(.ARM.Collect$$libinit$$0000000F) for __rt_lib_init_lc_collate_1
    libinit.o(.ARM.Collect$$libinit$$00000000) refers (Special) to libinit2.o(.ARM.Collect$$libinit$$00000011) for __rt_lib_init_lc_ctype_1
    libinit.o(.ARM.Collect$$libinit$$00000000) refers (Special) to libinit2.o(.ARM.Collect$$libinit$$00000013) for __rt_lib_init_lc_monetary_1
    libinit.o(.ARM.Collect$$libinit$$00000000) refers (Special) to libinit2.o(.ARM.Collect$$libinit$$00000015) for __rt_lib_init_lc_numeric_1
    libinit.o(.ARM.Collect$$libinit$$00000000) refers (Special) to libinit2.o(.ARM.Collect$$libinit$$00000017) for __rt_lib_init_lc_time_1
    libinit.o(.ARM.Collect$$libinit$$00000000) refers (Special) to libinit2.o(.ARM.Collect$$libinit$$0000000C) for __rt_lib_init_rand_1
    libinit.o(.ARM.Collect$$libinit$$00000000) refers (Special) to libinit2.o(.ARM.Collect$$libinit$$00000031) for __rt_lib_init_return
    libinit.o(.ARM.Collect$$libinit$$00000000) refers (Special) to libinit2.o(.ARM.Collect$$libinit$$0000001B) for __rt_lib_init_signal_1
    libinit.o(.ARM.Collect$$libinit$$00000000) refers (Special) to libinit2.o(.ARM.Collect$$libinit$$00000023) for __rt_lib_init_stdio_1
    libinit.o(.ARM.Collect$$libinit$$00000000) refers (Special) to libinit2.o(.ARM.Collect$$libinit$$0000000A) for __rt_lib_init_user_alloc_1
    libspace.o(.text) refers to libspace.o(.bss) for __libspace_start
    rtexit.o(.ARM.Collect$$rtexit$$00000000) refers (Special) to rtexit2.o(.ARM.Collect$$rtexit$$00000004) for __rt_exit_exit
    rtexit.o(.ARM.Collect$$rtexit$$00000000) refers (Special) to rtexit2.o(.ARM.Collect$$rtexit$$00000003) for __rt_exit_ls
    rtexit.o(.ARM.Collect$$rtexit$$00000000) refers (Special) to rtexit2.o(.ARM.Collect$$rtexit$$00000002) for __rt_exit_prels_1
    rtexit.o(.ARM.exidx) refers (Special) to rtexit2.o(.ARM.Collect$$rtexit$$00000004) for __rt_exit_exit
    rtexit.o(.ARM.exidx) refers (Special) to rtexit2.o(.ARM.Collect$$rtexit$$00000003) for __rt_exit_ls
    rtexit.o(.ARM.exidx) refers (Special) to rtexit2.o(.ARM.Collect$$rtexit$$00000002) for __rt_exit_prels_1
    rtexit.o(.ARM.exidx) refers to rtexit.o(.ARM.Collect$$rtexit$$00000000) for .ARM.Collect$$rtexit$$00000000
    libinit2.o(.ARM.Collect$$libinit$$0000000E) refers to libinit2.o(.ARM.Collect$$libinit$$0000000D) for .ARM.Collect$$libinit$$0000000D
    libinit2.o(.ARM.Collect$$libinit$$00000010) refers to libinit2.o(.ARM.Collect$$libinit$$0000000D) for .ARM.Collect$$libinit$$0000000D
    libinit2.o(.ARM.Collect$$libinit$$00000012) refers to libinit2.o(.ARM.Collect$$libinit$$0000000D) for .ARM.Collect$$libinit$$0000000D
    libinit2.o(.ARM.Collect$$libinit$$00000014) refers to libinit2.o(.ARM.Collect$$libinit$$0000000D) for .ARM.Collect$$libinit$$0000000D
    libinit2.o(.ARM.Collect$$libinit$$00000016) refers to libinit2.o(.ARM.Collect$$libinit$$0000000D) for .ARM.Collect$$libinit$$0000000D
    libinit2.o(.ARM.Collect$$libinit$$00000024) refers to argv_veneer.o(.emb_text) for __ARM_argv_veneer
    libinit2.o(.ARM.Collect$$libinit$$00000025) refers to argv_veneer.o(.emb_text) for __ARM_argv_veneer
    rtexit2.o(.ARM.Collect$$rtexit$$00000003) refers to libshutdown.o(.ARM.Collect$$libshutdown$$00000000) for __rt_lib_shutdown
    rtexit2.o(.ARM.Collect$$rtexit$$00000004) refers to sys_exit.o(.text) for _sys_exit
    rtexit2.o(.ARM.exidx) refers to rtexit2.o(.ARM.Collect$$rtexit$$00000001) for .ARM.Collect$$rtexit$$00000001
    rtexit2.o(.ARM.exidx) refers to rtexit2.o(.ARM.Collect$$rtexit$$00000003) for .ARM.Collect$$rtexit$$00000003
    rtexit2.o(.ARM.exidx) refers to rtexit2.o(.ARM.Collect$$rtexit$$00000004) for .ARM.Collect$$rtexit$$00000004
    argv_veneer.o(.emb_text) refers to no_argv.o(.text) for __ARM_get_argv
    sys_exit.o(.text) refers (Special) to use_no_semi.o(.text) for __I$use$semihosting
    sys_exit.o(.text) refers (Special) to indicate_semi.o(.text) for __semihosting_library_function
    _get_argv_nomalloc.o(.text) refers (Special) to hrguard.o(.text) for __heap_region$guard
    _get_argv_nomalloc.o(.text) refers to defsig_rtmem_outer.o(.text) for __rt_SIGRTMEM
    _get_argv_nomalloc.o(.text) refers to sys_command.o(.text) for _sys_command_string
    libshutdown.o(.ARM.Collect$$libshutdown$$00000000) refers (Special) to libshutdown2.o(.ARM.Collect$$libshutdown$$00000006) for __rt_lib_shutdown_fp_trap_1
    libshutdown.o(.ARM.Collect$$libshutdown$$00000000) refers (Special) to libshutdown2.o(.ARM.Collect$$libshutdown$$0000000E) for __rt_lib_shutdown_heap_1
    libshutdown.o(.ARM.Collect$$libshutdown$$00000000) refers (Special) to libshutdown2.o(.ARM.Collect$$libshutdown$$0000000F) for __rt_lib_shutdown_return
    libshutdown.o(.ARM.Collect$$libshutdown$$00000000) refers (Special) to libshutdown2.o(.ARM.Collect$$libshutdown$$00000009) for __rt_lib_shutdown_signal_1
    libshutdown.o(.ARM.Collect$$libshutdown$$00000000) refers (Special) to libshutdown2.o(.ARM.Collect$$libshutdown$$00000003) for __rt_lib_shutdown_stdio_1
    libshutdown.o(.ARM.Collect$$libshutdown$$00000000) refers (Special) to libshutdown2.o(.ARM.Collect$$libshutdown$$0000000B) for __rt_lib_shutdown_user_alloc_1
    sys_command.o(.text) refers (Special) to use_no_semi.o(.text) for __I$use$semihosting
    sys_command.o(.text) refers (Special) to indicate_semi.o(.text) for __semihosting_library_function
    defsig_rtmem_outer.o(.text) refers to defsig_rtmem_inner.o(.text) for __rt_SIGRTMEM_inner
    defsig_rtmem_outer.o(.text) refers to defsig_exit.o(.text) for __sig_exit
    defsig_rtmem_formal.o(.text) refers to rt_raise.o(.text) for __rt_raise
    rt_raise.o(.text) refers to __raise.o(.text) for __raise
    rt_raise.o(.text) refers to sys_exit.o(.text) for _sys_exit
    defsig_exit.o(.text) refers to sys_exit.o(.text) for _sys_exit
    defsig_rtmem_inner.o(.text) refers to defsig_general.o(.text) for __default_signal_display
    __raise.o(.text) refers to defsig.o(CL$$defsig) for __default_signal_handler
    defsig_general.o(.text) refers to sys_wrch.o(.text) for _ttywrch
    sys_wrch.o(.text) refers (Special) to use_no_semi.o(.text) for __I$use$semihosting
    sys_wrch.o(.text) refers (Special) to indicate_semi.o(.text) for __semihosting_library_function
    defsig.o(CL$$defsig) refers to defsig_rtmem_inner.o(.text) for __rt_SIGRTMEM_inner
    defsig_abrt_inner.o(.text) refers to defsig_general.o(.text) for __default_signal_display
    defsig_fpe_inner.o(.text) refers to defsig_general.o(.text) for __default_signal_display
    defsig_rtred_inner.o(.text) refers to defsig_general.o(.text) for __default_signal_display
    defsig_stak_inner.o(.text) refers to defsig_general.o(.text) for __default_signal_display
    defsig_pvfn_inner.o(.text) refers to defsig_general.o(.text) for __default_signal_display
    defsig_cppl_inner.o(.text) refers to defsig_general.o(.text) for __default_signal_display
    defsig_segv_inner.o(.text) refers to defsig_general.o(.text) for __default_signal_display
    defsig_other.o(.text) refers to defsig_general.o(.text) for __default_signal_display


==============================================================================

Removing Unused input sections from the image.

    Removing sound.o(i.Sound_Explosion), (2 bytes).
    Removing sound.o(i.Sound_Fastinvader1), (2 bytes).
    Removing sound.o(i.Sound_Fastinvader2), (2 bytes).
    Removing sound.o(i.Sound_Fastinvader3), (2 bytes).
    Removing sound.o(i.Sound_Fastinvader4), (2 bytes).
    Removing sound.o(i.Sound_Highpitch), (2 bytes).
    Removing sound.o(i.Sound_Killed), (2 bytes).
    Removing sound.o(i.Sound_Shoot), (2 bytes).
    Removing print.o(.text), (4 bytes).
    Removing st7735.o(i.Output_Clear), (10 bytes).
    Removing st7735.o(i.Output_Color), (12 bytes).
    Removing st7735.o(i.Output_Off), (8 bytes).
    Removing st7735.o(i.Output_On), (8 bytes).
    Removing st7735.o(i.ST7735_Color565), (24 bytes).
    Removing st7735.o(i.ST7735_DrawChar), (268 bytes).
    Removing st7735.o(i.ST7735_DrawFastHLine), (124 bytes).
    Removing st7735.o(i.ST7735_DrawFastVLine), (124 bytes).
    Removing st7735.o(i.ST7735_InitB), (40 bytes).
    Removing st7735.o(i.ST7735_InvertDisplay), (22 bytes).
    Removing st7735.o(i.ST7735_OutUDec), (140 bytes).
    Removing st7735.o(i.ST7735_PlotBar), (88 bytes).
    Removing st7735.o(i.ST7735_PlotClear), (92 bytes).
    Removing st7735.o(i.ST7735_PlotLine), (264 bytes).
    Removing st7735.o(i.ST7735_PlotNext), (32 bytes).
    Removing st7735.o(i.ST7735_PlotNextErase), (64 bytes).
    Removing st7735.o(i.ST7735_PlotPoint), (152 bytes).
    Removing st7735.o(i.ST7735_PlotPoints), (172 bytes).
    Removing st7735.o(i.ST7735_PlotdBfs), (60 bytes).
    Removing st7735.o(i.ST7735_SetTextColor), (12 bytes).
    Removing st7735.o(i.ST7735_SwapColor), (18 bytes).
    Removing st7735.o(i.ferror), (8 bytes).
    Removing st7735.o(i.fgetc), (6 bytes).
    Removing st7735.o(i.fillmessage), (72 bytes).
    Removing st7735.o(i.fputc), (16 bytes).
    Removing st7735.o(.bss), (12 bytes).
    Removing menu.o(i.pollForRelease2), (32 bytes).

36 unused section(s) (total 1900 bytes) removed from the image.

==============================================================================

Image Symbol Table

    Local Symbols

    Symbol Name                              Value     Ov Type        Size  Object(Section)

    RESET                                    0x00000000   Section      644  startup.o(RESET)
    ../clib/angel/boardlib.s                 0x00000000   Number         0  boardinit1.o ABSOLUTE
    ../clib/angel/boardlib.s                 0x00000000   Number         0  boardinit3.o ABSOLUTE
    ../clib/angel/boardlib.s                 0x00000000   Number         0  boardshut.o ABSOLUTE
    ../clib/angel/boardlib.s                 0x00000000   Number         0  boardinit2.o ABSOLUTE
    ../clib/angel/handlers.s                 0x00000000   Number         0  __scatter_zi.o ABSOLUTE
    ../clib/angel/handlers.s                 0x00000000   Number         0  __scatter_copy.o ABSOLUTE
    ../clib/angel/kernel.s                   0x00000000   Number         0  rtexit2.o ABSOLUTE
    ../clib/angel/kernel.s                   0x00000000   Number         0  rtexit.o ABSOLUTE
    ../clib/angel/kernel.s                   0x00000000   Number         0  rtentry.o ABSOLUTE
    ../clib/angel/kernel.s                   0x00000000   Number         0  rtentry2.o ABSOLUTE
    ../clib/angel/kernel.s                   0x00000000   Number         0  rtentry4.o ABSOLUTE
    ../clib/angel/rt.s                       0x00000000   Number         0  rt_raise.o ABSOLUTE
    ../clib/angel/scatter.s                  0x00000000   Number         0  __scatter.o ABSOLUTE
    ../clib/angel/startup.s                  0x00000000   Number         0  __main.o ABSOLUTE
    ../clib/angel/sys.s                      0x00000000   Number         0  use_no_semi.o ABSOLUTE
    ../clib/angel/sys.s                      0x00000000   Number         0  libspace.o ABSOLUTE
    ../clib/angel/sys.s                      0x00000000   Number         0  indicate_semi.o ABSOLUTE
    ../clib/angel/sys.s                      0x00000000   Number         0  sys_stackheap_outer.o ABSOLUTE
    ../clib/angel/sysapp.c                   0x00000000   Number         0  sys_wrch.o ABSOLUTE
    ../clib/angel/sysapp.c                   0x00000000   Number         0  sys_command.o ABSOLUTE
    ../clib/angel/sysapp.c                   0x00000000   Number         0  sys_exit.o ABSOLUTE
    ../clib/armsys.c                         0x00000000   Number         0  argv_veneer.o ABSOLUTE
    ../clib/armsys.c                         0x00000000   Number         0  no_argv.o ABSOLUTE
    ../clib/armsys.c                         0x00000000   Number         0  _get_argv_nomalloc.o ABSOLUTE
    ../clib/armsys.c                         0x00000000   Number         0  argv_veneer.o ABSOLUTE
    ../clib/heapalloc.c                      0x00000000   Number         0  hrguard.o ABSOLUTE
    ../clib/heapaux.c                        0x00000000   Number         0  heapauxi.o ABSOLUTE
    ../clib/libinit.s                        0x00000000   Number         0  libshutdown2.o ABSOLUTE
    ../clib/libinit.s                        0x00000000   Number         0  libinit2.o ABSOLUTE
    ../clib/libinit.s                        0x00000000   Number         0  libshutdown.o ABSOLUTE
    ../clib/libinit.s                        0x00000000   Number         0  libinit.o ABSOLUTE
    ../clib/signal.c                         0x00000000   Number         0  defsig_rtmem_outer.o ABSOLUTE
    ../clib/signal.c                         0x00000000   Number         0  defsig_rtmem_formal.o ABSOLUTE
    ../clib/signal.c                         0x00000000   Number         0  defsig_exit.o ABSOLUTE
    ../clib/signal.c                         0x00000000   Number         0  defsig_abrt_inner.o ABSOLUTE
    ../clib/signal.c                         0x00000000   Number         0  defsig_general.o ABSOLUTE
    ../clib/signal.c                         0x00000000   Number         0  __raise.o ABSOLUTE
    ../clib/signal.c                         0x00000000   Number         0  defsig_rtmem_inner.o ABSOLUTE
    ../clib/signal.c                         0x00000000   Number         0  defsig_other.o ABSOLUTE
    ../clib/signal.c                         0x00000000   Number         0  defsig_segv_inner.o ABSOLUTE
    ../clib/signal.c                         0x00000000   Number         0  defsig_cppl_inner.o ABSOLUTE
    ../clib/signal.c                         0x00000000   Number         0  defsig_pvfn_inner.o ABSOLUTE
    ../clib/signal.c                         0x00000000   Number         0  defsig_stak_inner.o ABSOLUTE
    ../clib/signal.c                         0x00000000   Number         0  defsig_rtred_inner.o ABSOLUTE
    ../clib/signal.c                         0x00000000   Number         0  defsig_fpe_inner.o ABSOLUTE
    ../clib/signal.s                         0x00000000   Number         0  defsig.o ABSOLUTE
    ../clib/stdlib.c                         0x00000000   Number         0  exit.o ABSOLUTE
    ../fplib/fpinit.s                        0x00000000   Number         0  fpinit.o ABSOLUTE
    ADC.c                                    0x00000000   Number         0  adc.o ABSOLUTE
    Button.c                                 0x00000000   Number         0  button.o ABSOLUTE
    DAC.c                                    0x00000000   Number         0  dac.o ABSOLUTE
    Images.c                                 0x00000000   Number         0  images.o ABSOLUTE
    LCD.s                                    0x00000000   Number         0  lcd.o ABSOLUTE
    Menu.c                                   0x00000000   Number         0  menu.o ABSOLUTE
    PhysicsEngine.c                          0x00000000   Number         0  physicsengine.o ABSOLUTE
    Print.s                                  0x00000000   Number         0  print.o ABSOLUTE
    ST7735.c                                 0x00000000   Number         0  st7735.o ABSOLUTE
    Sound.c                                  0x00000000   Number         0  sound.o ABSOLUTE
    SpaceInvaders.c                          0x00000000   Number         0  spaceinvaders.o ABSOLUTE
    TExaS.c                                  0x00000000   Number         0  texas.o ABSOLUTE
    Timer0.c                                 0x00000000   Number         0  timer0.o ABSOLUTE
    Timer1.c                                 0x00000000   Number         0  timer1.o ABSOLUTE
    dc.s                                     0x00000000   Number         0  dc.o ABSOLUTE
    random.s                                 0x00000000   Number         0  random.o ABSOLUTE
    startup.s                                0x00000000   Number         0  startup.o ABSOLUTE
    !!!main                                  0x00000284   Section        8  __main.o(!!!main)
    !!!scatter                               0x0000028c   Section       52  __scatter.o(!!!scatter)
    !!handler_copy                           0x000002c0   Section       26  __scatter_copy.o(!!handler_copy)
    !!handler_zi                             0x000002dc   Section       28  __scatter_zi.o(!!handler_zi)
    .ARM.Collect$$libinit$$00000000          0x000002f8   Section        2  libinit.o(.ARM.Collect$$libinit$$00000000)
    .ARM.Collect$$libinit$$00000002          0x000002fa   Section        0  libinit2.o(.ARM.Collect$$libinit$$00000002)
    .ARM.Collect$$libinit$$00000008          0x000002fa   Section        0  libinit2.o(.ARM.Collect$$libinit$$00000008)
    .ARM.Collect$$libinit$$0000000A          0x000002fa   Section        0  libinit2.o(.ARM.Collect$$libinit$$0000000A)
    .ARM.Collect$$libinit$$0000000C          0x000002fa   Section        0  libinit2.o(.ARM.Collect$$libinit$$0000000C)
    .ARM.Collect$$libinit$$0000000F          0x000002fa   Section        0  libinit2.o(.ARM.Collect$$libinit$$0000000F)
    .ARM.Collect$$libinit$$00000011          0x000002fa   Section        0  libinit2.o(.ARM.Collect$$libinit$$00000011)
    .ARM.Collect$$libinit$$00000013          0x000002fa   Section        0  libinit2.o(.ARM.Collect$$libinit$$00000013)
    .ARM.Collect$$libinit$$00000015          0x000002fa   Section        0  libinit2.o(.ARM.Collect$$libinit$$00000015)
    .ARM.Collect$$libinit$$00000017          0x000002fa   Section        0  libinit2.o(.ARM.Collect$$libinit$$00000017)
    .ARM.Collect$$libinit$$00000019          0x000002fa   Section        0  libinit2.o(.ARM.Collect$$libinit$$00000019)
    .ARM.Collect$$libinit$$0000001B          0x000002fa   Section        0  libinit2.o(.ARM.Collect$$libinit$$0000001B)
    .ARM.Collect$$libinit$$0000001D          0x000002fa   Section        0  libinit2.o(.ARM.Collect$$libinit$$0000001D)
    .ARM.Collect$$libinit$$0000001F          0x000002fa   Section        0  libinit2.o(.ARM.Collect$$libinit$$0000001F)
    .ARM.Collect$$libinit$$00000021          0x000002fa   Section        0  libinit2.o(.ARM.Collect$$libinit$$00000021)
    .ARM.Collect$$libinit$$00000023          0x000002fa   Section        0  libinit2.o(.ARM.Collect$$libinit$$00000023)
    .ARM.Collect$$libinit$$0000002A          0x000002fa   Section        0  libinit2.o(.ARM.Collect$$libinit$$0000002A)
    .ARM.Collect$$libinit$$0000002C          0x000002fa   Section        0  libinit2.o(.ARM.Collect$$libinit$$0000002C)
    .ARM.Collect$$libinit$$0000002E          0x000002fa   Section        0  libinit2.o(.ARM.Collect$$libinit$$0000002E)
    .ARM.Collect$$libinit$$00000030          0x000002fa   Section        0  libinit2.o(.ARM.Collect$$libinit$$00000030)
    .ARM.Collect$$libinit$$00000031          0x000002fa   Section        2  libinit2.o(.ARM.Collect$$libinit$$00000031)
    .ARM.Collect$$libshutdown$$00000000      0x000002fc   Section        2  libshutdown.o(.ARM.Collect$$libshutdown$$00000000)
    .ARM.Collect$$libshutdown$$00000003      0x000002fe   Section        0  libshutdown2.o(.ARM.Collect$$libshutdown$$00000003)
    .ARM.Collect$$libshutdown$$00000006      0x000002fe   Section        0  libshutdown2.o(.ARM.Collect$$libshutdown$$00000006)
    .ARM.Collect$$libshutdown$$00000009      0x000002fe   Section        0  libshutdown2.o(.ARM.Collect$$libshutdown$$00000009)
    .ARM.Collect$$libshutdown$$0000000B      0x000002fe   Section        0  libshutdown2.o(.ARM.Collect$$libshutdown$$0000000B)
    .ARM.Collect$$libshutdown$$0000000E      0x000002fe   Section        0  libshutdown2.o(.ARM.Collect$$libshutdown$$0000000E)
    .ARM.Collect$$libshutdown$$0000000F      0x000002fe   Section        2  libshutdown2.o(.ARM.Collect$$libshutdown$$0000000F)
    .ARM.Collect$$rtentry$$00000000          0x00000300   Section        0  rtentry.o(.ARM.Collect$$rtentry$$00000000)
    .ARM.Collect$$rtentry$$00000002          0x00000300   Section        0  rtentry2.o(.ARM.Collect$$rtentry$$00000002)
    .ARM.Collect$$rtentry$$00000004          0x00000300   Section        6  rtentry4.o(.ARM.Collect$$rtentry$$00000004)
    .ARM.Collect$$rtentry$$00000009          0x00000306   Section        0  rtentry2.o(.ARM.Collect$$rtentry$$00000009)
    .ARM.Collect$$rtentry$$0000000A          0x00000306   Section        4  rtentry2.o(.ARM.Collect$$rtentry$$0000000A)
    .ARM.Collect$$rtentry$$0000000C          0x0000030a   Section        0  rtentry2.o(.ARM.Collect$$rtentry$$0000000C)
    .ARM.Collect$$rtentry$$0000000D          0x0000030a   Section        8  rtentry2.o(.ARM.Collect$$rtentry$$0000000D)
    .ARM.Collect$$rtexit$$00000000           0x00000312   Section        2  rtexit.o(.ARM.Collect$$rtexit$$00000000)
    .ARM.Collect$$rtexit$$00000002           0x00000314   Section        0  rtexit2.o(.ARM.Collect$$rtexit$$00000002)
    .ARM.Collect$$rtexit$$00000003           0x00000314   Section        4  rtexit2.o(.ARM.Collect$$rtexit$$00000003)
    .ARM.Collect$$rtexit$$00000004           0x00000318   Section        6  rtexit2.o(.ARM.Collect$$rtexit$$00000004)
    .text                                    0x00000320   Section       48  startup.o(.text)
    .text                                    0x00000350   Section       60  random.o(.text)
    .text                                    0x0000038c   Section       80  lcd.o(.text)
    .text                                    0x000003dc   Section        0  texas.o(.text)
    .text                                    0x0000087c   Section        0  heapauxi.o(.text)
    .text                                    0x00000882   Section       74  sys_stackheap_outer.o(.text)
    .text                                    0x000008cc   Section        0  exit.o(.text)
    .text                                    0x000008d8   Section        8  libspace.o(.text)
    .text                                    0x000008e0   Section        0  sys_exit.o(.text)
    .text                                    0x000008ec   Section        2  use_no_semi.o(.text)
    .text                                    0x000008ee   Section        0  indicate_semi.o(.text)
    i.ADC1_Input                             0x000008f0   Section        0  adc.o(i.ADC1_Input)
    i.ADC2_Input                             0x0000091c   Section        0  adc.o(i.ADC2_Input)
    i.ADC_Init                               0x00000948   Section        0  adc.o(i.ADC_Init)
    i.Button_Init                            0x00000a98   Section        0  button.o(i.Button_Init)
    i.DAC_Init                               0x00000b08   Section        0  dac.o(i.DAC_Init)
    i.Delay100ms                             0x00000b4c   Section        0  menu.o(i.Delay100ms)
    i.Delay1ms                               0x00000b70   Section        0  st7735.o(i.Delay1ms)
    i.Output_Init                            0x00000b90   Section        0  st7735.o(i.Output_Init)
    i.PortA_Init                             0x00000ba0   Section        0  spaceinvaders.o(i.PortA_Init)
    i.ST7735_DrawBitmap                      0x00000bc8   Section        0  st7735.o(i.ST7735_DrawBitmap)
    i.ST7735_DrawCharS                       0x00000ce8   Section        0  st7735.o(i.ST7735_DrawCharS)
    i.ST7735_DrawPixel                       0x00000e3c   Section        0  st7735.o(i.ST7735_DrawPixel)
    i.ST7735_DrawString                      0x00000e84   Section        0  st7735.o(i.ST7735_DrawString)
    i.ST7735_FillRect                        0x00000edc   Section        0  st7735.o(i.ST7735_FillRect)
    i.ST7735_FillScreen                      0x00000f88   Section        0  st7735.o(i.ST7735_FillScreen)
    i.ST7735_InitR                           0x00000fac   Section        0  st7735.o(i.ST7735_InitR)
    i.ST7735_OutChar                         0x00001028   Section        0  st7735.o(i.ST7735_OutChar)
    i.ST7735_OutString                       0x000010fc   Section        0  st7735.o(i.ST7735_OutString)
    i.ST7735_SetCursor                       0x00001114   Section        0  st7735.o(i.ST7735_SetCursor)
    i.ST7735_SetRotation                     0x00001134   Section        0  st7735.o(i.ST7735_SetRotation)
    i.Sound_Init                             0x00001208   Section        0  sound.o(i.Sound_Init)
    i.Sound_Play                             0x00001264   Section        0  sound.o(i.Sound_Play)
    i.SysTick_Handler                        0x000012a0   Section        0  spaceinvaders.o(i.SysTick_Handler)
    i.SysTick_Init                           0x000014a8   Section        0  spaceinvaders.o(i.SysTick_Init)
    i.Timer0A_Handler                        0x000014dc   Section        0  timer0.o(i.Timer0A_Handler)
    i.Timer0_Init                            0x000014f4   Section        0  timer0.o(i.Timer0_Init)
    i.Timer1A_Handler                        0x00001554   Section        0  timer1.o(i.Timer1A_Handler)
    i.Timer1_Init                            0x00001574   Section        0  timer1.o(i.Timer1_Init)
    i.checkBitmapMatrix                      0x000015d0   Section        0  spaceinvaders.o(i.checkBitmapMatrix)
    i.checkInteractions                      0x000016d8   Section        0  physicsengine.o(i.checkInteractions)
    i.checkShipLanded                        0x00001900   Section        0  physicsengine.o(i.checkShipLanded)
    i.checkToSpawnAsteroid                   0x00001928   Section        0  timer1.o(i.checkToSpawnAsteroid)
    i.collisionDetection                     0x00001b44   Section        0  physicsengine.o(i.collisionDetection)
    i.commandList                            0x00001cc8   Section        0  st7735.o(i.commandList)
    commandList                              0x00001cc9   Thumb Code    86  st7735.o(i.commandList)
    i.commonInit                             0x00001d20   Section        0  st7735.o(i.commonInit)
    commonInit                               0x00001d21   Thumb Code   340  st7735.o(i.commonInit)
    i.createPlayer                           0x00001ea4   Section        0  spaceinvaders.o(i.createPlayer)
    i.deleteAllOldImages                     0x00001ec8   Section        0  spaceinvaders.o(i.deleteAllOldImages)
    i.disableUneededInterrupts               0x00001f80   Section        0  menu.o(i.disableUneededInterrupts)
    i.displayData                            0x00001f9c   Section        0  spaceinvaders.o(i.displayData)
    i.drawRotatedShip                        0x00002024   Section        0  spaceinvaders.o(i.drawRotatedShip)
    i.getApproximateSquareRoot               0x00002140   Section        0  physicsengine.o(i.getApproximateSquareRoot)
    i.getDistance                            0x0000216e   Section        0  physicsengine.o(i.getDistance)
    i.getNewX                                0x00002198   Section        0  spaceinvaders.o(i.getNewX)
    i.getNewY                                0x00002290   Section        0  spaceinvaders.o(i.getNewY)
    i.getShipAngle                           0x00002388   Section        0  adc.o(i.getShipAngle)
    i.getXComponentVelocity                  0x000023c8   Section        0  physicsengine.o(i.getXComponentVelocity)
    i.getYComponentVelocity                  0x000023e4   Section        0  physicsengine.o(i.getYComponentVelocity)
    i.getYThrust                             0x00002400   Section        0  adc.o(i.getYThrust)
    i.main                                   0x00002418   Section        0  spaceinvaders.o(i.main)
    i.matrixInit                             0x000028e4   Section        0  spaceinvaders.o(i.matrixInit)
    i.paintAsteroids                         0x00002918   Section        0  spaceinvaders.o(i.paintAsteroids)
    i.paintEnvironment                       0x00002984   Section        0  spaceinvaders.o(i.paintEnvironment)
    i.paintShip                              0x00002b30   Section        0  spaceinvaders.o(i.paintShip)
    i.pollForInput                           0x00002b40   Section        0  menu.o(i.pollForInput)
    i.pollForRelease                         0x00002c14   Section        0  menu.o(i.pollForRelease)
    i.populateTerrain                        0x00002c34   Section        0  spaceinvaders.o(i.populateTerrain)
    i.printData                              0x00002de0   Section        0  spaceinvaders.o(i.printData)
    i.pushColor                              0x00002e2a   Section        0  st7735.o(i.pushColor)
    pushColor                                0x00002e2b   Thumb Code    18  st7735.o(i.pushColor)
    i.setAddrWindow                          0x00002e3c   Section        0  st7735.o(i.setAddrWindow)
    setAddrWindow                            0x00002e3d   Thumb Code   106  st7735.o(i.setAddrWindow)
    i.setSpawnRate                           0x00002eb0   Section        0  timer1.o(i.setSpawnRate)
    i.spawnAsteroid                          0x00002ebc   Section        0  timer1.o(i.spawnAsteroid)
    i.startMenu                              0x00003038   Section        0  menu.o(i.startMenu)
    i.updateAsteroids                        0x00003068   Section        0  physicsengine.o(i.updateAsteroids)
    i.updateFuel                             0x000033d0   Section        0  physicsengine.o(i.updateFuel)
    i.updatePosition                         0x000033f0   Section        0  physicsengine.o(i.updatePosition)
    i.updateVelocity                         0x00003438   Section        0  physicsengine.o(i.updateVelocity)
    i.updateWindowLocation                   0x000034ac   Section        0  spaceinvaders.o(i.updateWindowLocation)
    .constdata                               0x00003510   Section    56520  sound.o(.constdata)
    .constdata                               0x000111d8   Section     2018  st7735.o(.constdata)
    Font                                     0x000111d8   Data        1275  st7735.o(.constdata)
    Bcmd                                     0x000116d3   Data         103  st7735.o(.constdata)
    Rcmd1                                    0x0001173a   Data          59  st7735.o(.constdata)
    Rcmd2green                               0x00011775   Data          13  st7735.o(.constdata)
    Rcmd2red                                 0x00011782   Data          13  st7735.o(.constdata)
    Rcmd3                                    0x0001178f   Data          43  st7735.o(.constdata)
    .constdata                               0x000119ba   Section     1444  physicsengine.o(.constdata)
    .constdata                               0x00011f5e   Section    27400  images.o(.constdata)
    .constdata                               0x00018a66   Section      240  texas.o(.constdata)
    .data                                    0x20000000   Section        4  timer0.o(.data)
    .data                                    0x20000004   Section       16  timer1.o(.data)
    .data                                    0x20000014   Section        4  sound.o(.data)
    .data                                    0x20000018   Section       32  spaceinvaders.o(.data)
    shipAngle                                0x20000030   Data           4  spaceinvaders.o(.data)
    .data                                    0x20000038   Section       44  st7735.o(.data)
    _width                                   0x20000042   Data           2  st7735.o(.data)
    _height                                  0x20000044   Data           2  st7735.o(.data)
    ColStart                                 0x2000004c   Data           1  st7735.o(.data)
    RowStart                                 0x2000004d   Data           1  st7735.o(.data)
    Rotation                                 0x2000004e   Data           1  st7735.o(.data)
    TabColor                                 0x2000004f   Data           1  st7735.o(.data)
    .data                                    0x20000064   Section        2  physicsengine.o(.data)
    .data                                    0x20000068   Section       48  texas.o(.data)
    DATA                                     0x20000098   Section        4  random.o(DATA)
    M                                        0x20000098   Data           4  random.o(DATA)
    .bss                                     0x2000009c   Section     4320  spaceinvaders.o(.bss)
    .bss                                     0x20001180   Section       56  texas.o(.bss)
    .bss                                     0x200011b8   Section       96  libspace.o(.bss)
    HEAP                                     0x20001218   Section        0  startup.o(HEAP)
    STACK                                    0x20001218   Section     1024  startup.o(STACK)
    HeapMem                                  0x20001218   Data           0  startup.o(HEAP)
    StackMem                                 0x20001218   Data           0  startup.o(STACK)

    Global Symbols

    Symbol Name                              Value     Ov Type        Size  Object(Section)

    BuildAttributes$$THM_ISAv4$E$P$D$K$B$S$7EM$PE$A:L22UL41UL21$X:L11$S22US41US21$IEEE1$IW$USESV6$~STKCKD$USESV7$~SHL$OSPACE$ROPI$EBA8$UX$STANDARDLIB$REQ8$PRES8$EABIv2 0x00000000   Number         0  anon$$obj.o ABSOLUTE
    __ARM_use_no_argv                        0x00000000   Number         0  spaceinvaders.o ABSOLUTE
    __Vectors                                0x00000000   Data           0  startup.o(RESET)
    __ARM_exceptions_init                     - Undefined Weak Reference
    __alloca_initialize                       - Undefined Weak Reference
    __cpp_initialize__aeabi_                  - Undefined Weak Reference
    __cxa_finalize                            - Undefined Weak Reference
    __rt_locale                               - Undefined Weak Reference
    __sigvec_lookup                           - Undefined Weak Reference
    _atexit_init                              - Undefined Weak Reference
    _call_atexit_fns                          - Undefined Weak Reference
    _clock_init                               - Undefined Weak Reference
    _fp_trap_init                             - Undefined Weak Reference
    _fp_trap_shutdown                         - Undefined Weak Reference
    _get_lc_collate                           - Undefined Weak Reference
    _get_lc_ctype                             - Undefined Weak Reference
    _get_lc_monetary                          - Undefined Weak Reference
    _get_lc_numeric                           - Undefined Weak Reference
    _get_lc_time                              - Undefined Weak Reference
    _getenv_init                              - Undefined Weak Reference
    _handle_redirection                       - Undefined Weak Reference
    _init_alloc                               - Undefined Weak Reference
    _init_user_alloc                          - Undefined Weak Reference
    _initio                                   - Undefined Weak Reference
    _rand_init                                - Undefined Weak Reference
    _signal_finish                            - Undefined Weak Reference
    _signal_init                              - Undefined Weak Reference
    _terminate_alloc                          - Undefined Weak Reference
    _terminate_user_alloc                     - Undefined Weak Reference
    _terminateio                              - Undefined Weak Reference
    Reset_Handler                            0x0000026d   Thumb Code     0  startup.o(RESET)
    NMI_Handler                              0x00000271   Thumb Code     2  startup.o(RESET)
    HardFault_Handler                        0x00000273   Thumb Code     2  startup.o(RESET)
    MemManage_Handler                        0x00000275   Thumb Code     2  startup.o(RESET)
    BusFault_Handler                         0x00000277   Thumb Code     2  startup.o(RESET)
    UsageFault_Handler                       0x00000279   Thumb Code     2  startup.o(RESET)
    SVC_Handler                              0x0000027b   Thumb Code     2  startup.o(RESET)
    DebugMon_Handler                         0x0000027d   Thumb Code     2  startup.o(RESET)
    PendSV_Handler                           0x0000027f   Thumb Code     2  startup.o(RESET)
    ADC0Seq0_Handler                         0x00000283   Thumb Code     0  startup.o(RESET)
    ADC0Seq1_Handler                         0x00000283   Thumb Code     0  startup.o(RESET)
    ADC0Seq2_Handler                         0x00000283   Thumb Code     0  startup.o(RESET)
    ADC0Seq3_Handler                         0x00000283   Thumb Code     0  startup.o(RESET)
    ADC1Seq0_Handler                         0x00000283   Thumb Code     0  startup.o(RESET)
    ADC1Seq1_Handler                         0x00000283   Thumb Code     0  startup.o(RESET)
    ADC1Seq2_Handler                         0x00000283   Thumb Code     0  startup.o(RESET)
    ADC1Seq3_Handler                         0x00000283   Thumb Code     0  startup.o(RESET)
    CAN0_Handler                             0x00000283   Thumb Code     0  startup.o(RESET)
    CAN1_Handler                             0x00000283   Thumb Code     0  startup.o(RESET)
    CAN2_Handler                             0x00000283   Thumb Code     0  startup.o(RESET)
    Comp0_Handler                            0x00000283   Thumb Code     0  startup.o(RESET)
    Comp1_Handler                            0x00000283   Thumb Code     0  startup.o(RESET)
    Comp2_Handler                            0x00000283   Thumb Code     0  startup.o(RESET)
    Ethernet_Handler                         0x00000283   Thumb Code     0  startup.o(RESET)
    ExtBus_Handler                           0x00000283   Thumb Code     0  startup.o(RESET)
    FPU_Handler                              0x00000283   Thumb Code     0  startup.o(RESET)
    Fan0_Handler                             0x00000283   Thumb Code     0  startup.o(RESET)
    FlashCtl_Handler                         0x00000283   Thumb Code     0  startup.o(RESET)
    GPIOPortA_Handler                        0x00000283   Thumb Code     0  startup.o(RESET)
    GPIOPortB_Handler                        0x00000283   Thumb Code     0  startup.o(RESET)
    GPIOPortC_Handler                        0x00000283   Thumb Code     0  startup.o(RESET)
    GPIOPortD_Handler                        0x00000283   Thumb Code     0  startup.o(RESET)
    GPIOPortE_Handler                        0x00000283   Thumb Code     0  startup.o(RESET)
    GPIOPortF_Handler                        0x00000283   Thumb Code     0  startup.o(RESET)
    GPIOPortG_Handler                        0x00000283   Thumb Code     0  startup.o(RESET)
    GPIOPortH_Handler                        0x00000283   Thumb Code     0  startup.o(RESET)
    GPIOPortJ_Handler                        0x00000283   Thumb Code     0  startup.o(RESET)
    GPIOPortK_Handler                        0x00000283   Thumb Code     0  startup.o(RESET)
    GPIOPortL_Handler                        0x00000283   Thumb Code     0  startup.o(RESET)
    GPIOPortM_Handler                        0x00000283   Thumb Code     0  startup.o(RESET)
    GPIOPortN_Handler                        0x00000283   Thumb Code     0  startup.o(RESET)
    GPIOPortP1_Handler                       0x00000283   Thumb Code     0  startup.o(RESET)
    GPIOPortP2_Handler                       0x00000283   Thumb Code     0  startup.o(RESET)
    GPIOPortP3_Handler                       0x00000283   Thumb Code     0  startup.o(RESET)
    GPIOPortP4_Handler                       0x00000283   Thumb Code     0  startup.o(RESET)
    GPIOPortP5_Handler                       0x00000283   Thumb Code     0  startup.o(RESET)
    GPIOPortP6_Handler                       0x00000283   Thumb Code     0  startup.o(RESET)
    GPIOPortP7_Handler                       0x00000283   Thumb Code     0  startup.o(RESET)
    GPIOPortP_Handler                        0x00000283   Thumb Code     0  startup.o(RESET)
    GPIOPortQ1_Handler                       0x00000283   Thumb Code     0  startup.o(RESET)
    GPIOPortQ2_Handler                       0x00000283   Thumb Code     0  startup.o(RESET)
    GPIOPortQ3_Handler                       0x00000283   Thumb Code     0  startup.o(RESET)
    GPIOPortQ4_Handler                       0x00000283   Thumb Code     0  startup.o(RESET)
    GPIOPortQ5_Handler                       0x00000283   Thumb Code     0  startup.o(RESET)
    GPIOPortQ6_Handler                       0x00000283   Thumb Code     0  startup.o(RESET)
    GPIOPortQ7_Handler                       0x00000283   Thumb Code     0  startup.o(RESET)
    GPIOPortQ_Handler                        0x00000283   Thumb Code     0  startup.o(RESET)
    GPIOPortR_Handler                        0x00000283   Thumb Code     0  startup.o(RESET)
    GPIOPortS_Handler                        0x00000283   Thumb Code     0  startup.o(RESET)
    Hibernate_Handler                        0x00000283   Thumb Code     0  startup.o(RESET)
    I2C0_Handler                             0x00000283   Thumb Code     0  startup.o(RESET)
    I2C1_Handler                             0x00000283   Thumb Code     0  startup.o(RESET)
    I2C2_Handler                             0x00000283   Thumb Code     0  startup.o(RESET)
    I2C3_Handler                             0x00000283   Thumb Code     0  startup.o(RESET)
    I2C4_Handler                             0x00000283   Thumb Code     0  startup.o(RESET)
    I2C5_Handler                             0x00000283   Thumb Code     0  startup.o(RESET)
    I2S0_Handler                             0x00000283   Thumb Code     0  startup.o(RESET)
    LPC0_Handler                             0x00000283   Thumb Code     0  startup.o(RESET)
    PECI0_Handler                            0x00000283   Thumb Code     0  startup.o(RESET)
    PWM0Fault_Handler                        0x00000283   Thumb Code     0  startup.o(RESET)
    PWM0Generator0_Handler                   0x00000283   Thumb Code     0  startup.o(RESET)
    PWM0Generator1_Handler                   0x00000283   Thumb Code     0  startup.o(RESET)
    PWM0Generator2_Handler                   0x00000283   Thumb Code     0  startup.o(RESET)
    PWM0Generator3_Handler                   0x00000283   Thumb Code     0  startup.o(RESET)
    PWM1Fault_Handler                        0x00000283   Thumb Code     0  startup.o(RESET)
    PWM1Generator0_Handler                   0x00000283   Thumb Code     0  startup.o(RESET)
    PWM1Generator1_Handler                   0x00000283   Thumb Code     0  startup.o(RESET)
    PWM1Generator2_Handler                   0x00000283   Thumb Code     0  startup.o(RESET)
    PWM1Generator3_Handler                   0x00000283   Thumb Code     0  startup.o(RESET)
    Quadrature0_Handler                      0x00000283   Thumb Code     0  startup.o(RESET)
    Quadrature1_Handler                      0x00000283   Thumb Code     0  startup.o(RESET)
    Quadrature2_Handler                      0x00000283   Thumb Code     0  startup.o(RESET)
    SSI0_Handler                             0x00000283   Thumb Code     0  startup.o(RESET)
    SSI1_Handler                             0x00000283   Thumb Code     0  startup.o(RESET)
    SSI2_Handler                             0x00000283   Thumb Code     0  startup.o(RESET)
    SSI3_Handler                             0x00000283   Thumb Code     0  startup.o(RESET)
    SysCtl_Handler                           0x00000283   Thumb Code     0  startup.o(RESET)
    Timer0B_Handler                          0x00000283   Thumb Code     0  startup.o(RESET)
    Timer1B_Handler                          0x00000283   Thumb Code     0  startup.o(RESET)
    Timer2A_Handler                          0x00000283   Thumb Code     0  startup.o(RESET)
    Timer2B_Handler                          0x00000283   Thumb Code     0  startup.o(RESET)
    Timer3A_Handler                          0x00000283   Thumb Code     0  startup.o(RESET)
    Timer3B_Handler                          0x00000283   Thumb Code     0  startup.o(RESET)
    Timer4B_Handler                          0x00000283   Thumb Code     0  startup.o(RESET)
    Timer5B_Handler                          0x00000283   Thumb Code     0  startup.o(RESET)
    UART0_Handler                            0x00000283   Thumb Code     0  startup.o(RESET)
    UART1_Handler                            0x00000283   Thumb Code     0  startup.o(RESET)
    UART2_Handler                            0x00000283   Thumb Code     0  startup.o(RESET)
    UART3_Handler                            0x00000283   Thumb Code     0  startup.o(RESET)
    UART4_Handler                            0x00000283   Thumb Code     0  startup.o(RESET)
    UART5_Handler                            0x00000283   Thumb Code     0  startup.o(RESET)
    UART6_Handler                            0x00000283   Thumb Code     0  startup.o(RESET)
    UART7_Handler                            0x00000283   Thumb Code     0  startup.o(RESET)
    USB0_Handler                             0x00000283   Thumb Code     0  startup.o(RESET)
    WDT_Handler                              0x00000283   Thumb Code     0  startup.o(RESET)
    WideTimer0A_Handler                      0x00000283   Thumb Code     0  startup.o(RESET)
    WideTimer0B_Handler                      0x00000283   Thumb Code     0  startup.o(RESET)
    WideTimer1A_Handler                      0x00000283   Thumb Code     0  startup.o(RESET)
    WideTimer1B_Handler                      0x00000283   Thumb Code     0  startup.o(RESET)
    WideTimer2A_Handler                      0x00000283   Thumb Code     0  startup.o(RESET)
    WideTimer2B_Handler                      0x00000283   Thumb Code     0  startup.o(RESET)
    WideTimer3A_Handler                      0x00000283   Thumb Code     0  startup.o(RESET)
    WideTimer3B_Handler                      0x00000283   Thumb Code     0  startup.o(RESET)
    WideTimer4A_Handler                      0x00000283   Thumb Code     0  startup.o(RESET)
    WideTimer4B_Handler                      0x00000283   Thumb Code     0  startup.o(RESET)
    WideTimer5A_Handler                      0x00000283   Thumb Code     0  startup.o(RESET)
    WideTimer5B_Handler                      0x00000283   Thumb Code     0  startup.o(RESET)
    uDMA_Error                               0x00000283   Thumb Code     0  startup.o(RESET)
    uDMA_Handler                             0x00000283   Thumb Code     0  startup.o(RESET)
    __main                                   0x00000285   Thumb Code     8  __main.o(!!!main)
    __scatterload                            0x0000028d   Thumb Code     0  __scatter.o(!!!scatter)
    __scatterload_rt2                        0x0000028d   Thumb Code    44  __scatter.o(!!!scatter)
    __scatterload_rt2_thumb_only             0x0000028d   Thumb Code     0  __scatter.o(!!!scatter)
    __scatterload_null                       0x0000029b   Thumb Code     0  __scatter.o(!!!scatter)
    __scatterload_copy                       0x000002c1   Thumb Code    26  __scatter_copy.o(!!handler_copy)
    __scatterload_zeroinit                   0x000002dd   Thumb Code    28  __scatter_zi.o(!!handler_zi)
    __rt_lib_init                            0x000002f9   Thumb Code     0  libinit.o(.ARM.Collect$$libinit$$00000000)
    __rt_lib_init_alloca_1                   0x000002fb   Thumb Code     0  libinit2.o(.ARM.Collect$$libinit$$0000002C)
    __rt_lib_init_argv_1                     0x000002fb   Thumb Code     0  libinit2.o(.ARM.Collect$$libinit$$0000002A)
    __rt_lib_init_atexit_1                   0x000002fb   Thumb Code     0  libinit2.o(.ARM.Collect$$libinit$$00000019)
    __rt_lib_init_clock_1                    0x000002fb   Thumb Code     0  libinit2.o(.ARM.Collect$$libinit$$0000001F)
    __rt_lib_init_cpp_1                      0x000002fb   Thumb Code     0  libinit2.o(.ARM.Collect$$libinit$$00000030)
    __rt_lib_init_exceptions_1               0x000002fb   Thumb Code     0  libinit2.o(.ARM.Collect$$libinit$$0000002E)
    __rt_lib_init_fp_1                       0x000002fb   Thumb Code     0  libinit2.o(.ARM.Collect$$libinit$$00000002)
    __rt_lib_init_fp_trap_1                  0x000002fb   Thumb Code     0  libinit2.o(.ARM.Collect$$libinit$$0000001D)
    __rt_lib_init_getenv_1                   0x000002fb   Thumb Code     0  libinit2.o(.ARM.Collect$$libinit$$00000021)
    __rt_lib_init_heap_1                     0x000002fb   Thumb Code     0  libinit2.o(.ARM.Collect$$libinit$$00000008)
    __rt_lib_init_lc_collate_1               0x000002fb   Thumb Code     0  libinit2.o(.ARM.Collect$$libinit$$0000000F)
    __rt_lib_init_lc_ctype_1                 0x000002fb   Thumb Code     0  libinit2.o(.ARM.Collect$$libinit$$00000011)
    __rt_lib_init_lc_monetary_1              0x000002fb   Thumb Code     0  libinit2.o(.ARM.Collect$$libinit$$00000013)
    __rt_lib_init_lc_numeric_1               0x000002fb   Thumb Code     0  libinit2.o(.ARM.Collect$$libinit$$00000015)
    __rt_lib_init_lc_time_1                  0x000002fb   Thumb Code     0  libinit2.o(.ARM.Collect$$libinit$$00000017)
    __rt_lib_init_rand_1                     0x000002fb   Thumb Code     0  libinit2.o(.ARM.Collect$$libinit$$0000000C)
    __rt_lib_init_return                     0x000002fb   Thumb Code     0  libinit2.o(.ARM.Collect$$libinit$$00000031)
    __rt_lib_init_signal_1                   0x000002fb   Thumb Code     0  libinit2.o(.ARM.Collect$$libinit$$0000001B)
    __rt_lib_init_stdio_1                    0x000002fb   Thumb Code     0  libinit2.o(.ARM.Collect$$libinit$$00000023)
    __rt_lib_init_user_alloc_1               0x000002fb   Thumb Code     0  libinit2.o(.ARM.Collect$$libinit$$0000000A)
    __rt_lib_shutdown                        0x000002fd   Thumb Code     0  libshutdown.o(.ARM.Collect$$libshutdown$$00000000)
    __rt_lib_shutdown_fp_trap_1              0x000002ff   Thumb Code     0  libshutdown2.o(.ARM.Collect$$libshutdown$$00000006)
    __rt_lib_shutdown_heap_1                 0x000002ff   Thumb Code     0  libshutdown2.o(.ARM.Collect$$libshutdown$$0000000E)
    __rt_lib_shutdown_return                 0x000002ff   Thumb Code     0  libshutdown2.o(.ARM.Collect$$libshutdown$$0000000F)
    __rt_lib_shutdown_signal_1               0x000002ff   Thumb Code     0  libshutdown2.o(.ARM.Collect$$libshutdown$$00000009)
    __rt_lib_shutdown_stdio_1                0x000002ff   Thumb Code     0  libshutdown2.o(.ARM.Collect$$libshutdown$$00000003)
    __rt_lib_shutdown_user_alloc_1           0x000002ff   Thumb Code     0  libshutdown2.o(.ARM.Collect$$libshutdown$$0000000B)
    __rt_entry                               0x00000301   Thumb Code     0  rtentry.o(.ARM.Collect$$rtentry$$00000000)
    __rt_entry_presh_1                       0x00000301   Thumb Code     0  rtentry2.o(.ARM.Collect$$rtentry$$00000002)
    __rt_entry_sh                            0x00000301   Thumb Code     0  rtentry4.o(.ARM.Collect$$rtentry$$00000004)
    __rt_entry_li                            0x00000307   Thumb Code     0  rtentry2.o(.ARM.Collect$$rtentry$$0000000A)
    __rt_entry_postsh_1                      0x00000307   Thumb Code     0  rtentry2.o(.ARM.Collect$$rtentry$$00000009)
    __rt_entry_main                          0x0000030b   Thumb Code     0  rtentry2.o(.ARM.Collect$$rtentry$$0000000D)
    __rt_entry_postli_1                      0x0000030b   Thumb Code     0  rtentry2.o(.ARM.Collect$$rtentry$$0000000C)
    __rt_exit                                0x00000313   Thumb Code     0  rtexit.o(.ARM.Collect$$rtexit$$00000000)
    __rt_exit_ls                             0x00000315   Thumb Code     0  rtexit2.o(.ARM.Collect$$rtexit$$00000003)
    __rt_exit_prels_1                        0x00000315   Thumb Code     0  rtexit2.o(.ARM.Collect$$rtexit$$00000002)
    __rt_exit_exit                           0x00000319   Thumb Code     0  rtexit2.o(.ARM.Collect$$rtexit$$00000004)
    DisableInterrupts                        0x00000321   Thumb Code     0  startup.o(.text)
    EnableInterrupts                         0x00000325   Thumb Code     0  startup.o(.text)
    StartCritical                            0x00000329   Thumb Code     0  startup.o(.text)
    EndCritical                              0x00000331   Thumb Code     0  startup.o(.text)
    WaitForInterrupt                         0x00000337   Thumb Code     0  startup.o(.text)
    __user_initial_stackheap                 0x0000033b   Thumb Code     0  startup.o(.text)
    Random_Init                              0x00000351   Thumb Code     0  random.o(.text)
    Random32                                 0x00000357   Thumb Code     2  random.o(.text)
    Random                                   0x00000369   Thumb Code     2  random.o(.text)
    writecommand                             0x0000038d   Thumb Code     0  lcd.o(.text)
    writedata                                0x000003b5   Thumb Code     0  lcd.o(.text)
    ADC1_Init                                0x000003dd   Thumb Code   170  texas.o(.text)
    SetCode                                  0x00000487   Thumb Code    20  texas.o(.text)
    UART0_Init                               0x0000049b   Thumb Code   162  texas.o(.text)
    SetCourse                                0x0000053d   Thumb Code    22  texas.o(.text)
    PLL_Init                                 0x00000553   Thumb Code   118  texas.o(.text)
    TExaS_Init                               0x000005c9   Thumb Code   282  texas.o(.text)
    StopTimer4                               0x000006e3   Thumb Code    16  texas.o(.text)
    StartTimer4                              0x000006f3   Thumb Code    24  texas.o(.text)
    Timer4A_Handler                          0x0000070b   Thumb Code    20  texas.o(.text)
    ADC1_In                                  0x0000071f   Thumb Code     6  texas.o(.text)
    Timer5A_Handler                          0x00000725   Thumb Code    34  texas.o(.text)
    TExaS_Stop                               0x00000747   Thumb Code    18  texas.o(.text)
    copy                                     0x00000759   Thumb Code    16  texas.o(.text)
    SetMode                                  0x00000769   Thumb Code    22  texas.o(.text)
    UART0_InChar                             0x0000077f   Thumb Code    20  texas.o(.text)
    UART0_InCharNonBlocking                  0x00000793   Thumb Code    22  texas.o(.text)
    UART0_OutChar                            0x000007a9   Thumb Code   200  texas.o(.text)
    UART0_OutCharNonBlock                    0x00000871   Thumb Code     6  texas.o(.text)
    __use_two_region_memory                  0x0000087d   Thumb Code     2  heapauxi.o(.text)
    __rt_heap_escrow$2region                 0x0000087f   Thumb Code     2  heapauxi.o(.text)
    __rt_heap_expand$2region                 0x00000881   Thumb Code     2  heapauxi.o(.text)
    __user_setup_stackheap                   0x00000883   Thumb Code    74  sys_stackheap_outer.o(.text)
    exit                                     0x000008cd   Thumb Code    12  exit.o(.text)
    __user_libspace                          0x000008d9   Thumb Code     8  libspace.o(.text)
    __user_perproc_libspace                  0x000008d9   Thumb Code     0  libspace.o(.text)
    __user_perthread_libspace                0x000008d9   Thumb Code     0  libspace.o(.text)
    _sys_exit                                0x000008e1   Thumb Code     8  sys_exit.o(.text)
    __I$use$semihosting                      0x000008ed   Thumb Code     0  use_no_semi.o(.text)
    __use_no_semihosting_swi                 0x000008ed   Thumb Code     2  use_no_semi.o(.text)
    __semihosting_library_function           0x000008ef   Thumb Code     0  indicate_semi.o(.text)
    ADC1_Input                               0x000008f1   Thumb Code    36  adc.o(i.ADC1_Input)
    ADC2_Input                               0x0000091d   Thumb Code    36  adc.o(i.ADC2_Input)
    ADC_Init                                 0x00000949   Thumb Code   308  adc.o(i.ADC_Init)
    Button_Init                              0x00000a99   Thumb Code    94  button.o(i.Button_Init)
    DAC_Init                                 0x00000b09   Thumb Code    56  dac.o(i.DAC_Init)
    Delay100ms                               0x00000b4d   Thumb Code    30  menu.o(i.Delay100ms)
    Delay1ms                                 0x00000b71   Thumb Code    32  st7735.o(i.Delay1ms)
    Output_Init                              0x00000b91   Thumb Code    16  st7735.o(i.Output_Init)
    PortA_Init                               0x00000ba1   Thumb Code    34  spaceinvaders.o(i.PortA_Init)
    ST7735_DrawBitmap                        0x00000bc9   Thumb Code   280  st7735.o(i.ST7735_DrawBitmap)
    ST7735_DrawCharS                         0x00000ce9   Thumb Code   324  st7735.o(i.ST7735_DrawCharS)
    ST7735_DrawPixel                         0x00000e3d   Thumb Code    64  st7735.o(i.ST7735_DrawPixel)
    ST7735_DrawString                        0x00000e85   Thumb Code    86  st7735.o(i.ST7735_DrawString)
    ST7735_FillRect                          0x00000edd   Thumb Code   164  st7735.o(i.ST7735_FillRect)
    ST7735_FillScreen                        0x00000f89   Thumb Code    28  st7735.o(i.ST7735_FillScreen)
    ST7735_InitR                             0x00000fad   Thumb Code    90  st7735.o(i.ST7735_InitR)
    ST7735_OutChar                           0x00001029   Thumb Code   176  st7735.o(i.ST7735_OutChar)
    ST7735_OutString                         0x000010fd   Thumb Code    24  st7735.o(i.ST7735_OutString)
    ST7735_SetCursor                         0x00001115   Thumb Code    22  st7735.o(i.ST7735_SetCursor)
    ST7735_SetRotation                       0x00001135   Thumb Code   196  st7735.o(i.ST7735_SetRotation)
    Sound_Init                               0x00001209   Thumb Code    78  sound.o(i.Sound_Init)
    Sound_Play                               0x00001265   Thumb Code    46  sound.o(i.Sound_Play)
    SysTick_Handler                          0x000012a1   Thumb Code   496  spaceinvaders.o(i.SysTick_Handler)
    SysTick_Init                             0x000014a9   Thumb Code    42  spaceinvaders.o(i.SysTick_Init)
    Timer0A_Handler                          0x000014dd   Thumb Code    16  timer0.o(i.Timer0A_Handler)
    Timer0_Init                              0x000014f5   Thumb Code    76  timer0.o(i.Timer0_Init)
    Timer1A_Handler                          0x00001555   Thumb Code    24  timer1.o(i.Timer1A_Handler)
    Timer1_Init                              0x00001575   Thumb Code    72  timer1.o(i.Timer1_Init)
    checkBitmapMatrix                        0x000015d1   Thumb Code   260  spaceinvaders.o(i.checkBitmapMatrix)
    checkInteractions                        0x000016d9   Thumb Code   540  physicsengine.o(i.checkInteractions)
    checkShipLanded                          0x00001901   Thumb Code    28  physicsengine.o(i.checkShipLanded)
    checkToSpawnAsteroid                     0x00001929   Thumb Code   502  timer1.o(i.checkToSpawnAsteroid)
    collisionDetection                       0x00001b45   Thumb Code   366  physicsengine.o(i.collisionDetection)
    createPlayer                             0x00001ea5   Thumb Code    30  spaceinvaders.o(i.createPlayer)
    deleteAllOldImages                       0x00001ec9   Thumb Code   170  spaceinvaders.o(i.deleteAllOldImages)
    disableUneededInterrupts                 0x00001f81   Thumb Code    24  menu.o(i.disableUneededInterrupts)
    displayData                              0x00001f9d   Thumb Code   100  spaceinvaders.o(i.displayData)
    drawRotatedShip                          0x00002025   Thumb Code   262  spaceinvaders.o(i.drawRotatedShip)
    getApproximateSquareRoot                 0x00002141   Thumb Code    46  physicsengine.o(i.getApproximateSquareRoot)
    getDistance                              0x0000216f   Thumb Code    42  physicsengine.o(i.getDistance)
    getNewX                                  0x00002199   Thumb Code   240  spaceinvaders.o(i.getNewX)
    getNewY                                  0x00002291   Thumb Code   240  spaceinvaders.o(i.getNewY)
    getShipAngle                             0x00002389   Thumb Code    62  adc.o(i.getShipAngle)
    getXComponentVelocity                    0x000023c9   Thumb Code    18  physicsengine.o(i.getXComponentVelocity)
    getYComponentVelocity                    0x000023e5   Thumb Code    18  physicsengine.o(i.getYComponentVelocity)
    getYThrust                               0x00002401   Thumb Code    24  adc.o(i.getYThrust)
    main                                     0x00002419   Thumb Code   954  spaceinvaders.o(i.main)
    matrixInit                               0x000028e5   Thumb Code    46  spaceinvaders.o(i.matrixInit)
    paintAsteroids                           0x00002919   Thumb Code   100  spaceinvaders.o(i.paintAsteroids)
    paintEnvironment                         0x00002985   Thumb Code   406  spaceinvaders.o(i.paintEnvironment)
    paintShip                                0x00002b31   Thumb Code    16  spaceinvaders.o(i.paintShip)
    pollForInput                             0x00002b41   Thumb Code   200  menu.o(i.pollForInput)
    pollForRelease                           0x00002c15   Thumb Code    24  menu.o(i.pollForRelease)
    populateTerrain                          0x00002c35   Thumb Code   404  spaceinvaders.o(i.populateTerrain)
    printData                                0x00002de1   Thumb Code    74  spaceinvaders.o(i.printData)
    setSpawnRate                             0x00002eb1   Thumb Code     6  timer1.o(i.setSpawnRate)
    spawnAsteroid                            0x00002ebd   Thumb Code   360  timer1.o(i.spawnAsteroid)
    startMenu                                0x00003039   Thumb Code    42  menu.o(i.startMenu)
    updateAsteroids                          0x00003069   Thumb Code   842  physicsengine.o(i.updateAsteroids)
    updateFuel                               0x000033d1   Thumb Code    26  physicsengine.o(i.updateFuel)
    updatePosition                           0x000033f1   Thumb Code    66  physicsengine.o(i.updatePosition)
    updateVelocity                           0x00003439   Thumb Code   102  physicsengine.o(i.updateVelocity)
    updateWindowLocation                     0x000034ad   Thumb Code    88  spaceinvaders.o(i.updateWindowLocation)
    loop2                                    0x00003510   Data       56520  sound.o(.constdata)
    dBfs                                     0x000117ba   Data         512  st7735.o(.constdata)
    sinLookUp                                0x000119ba   Data         722  physicsengine.o(.constdata)
    cosLookUp                                0x00011c8c   Data         722  physicsengine.o(.constdata)
    spaceship3                               0x00011f5e   Data         800  images.o(.constdata)
    ship_ThrustersDeactivated                0x0001227e   Data         800  images.o(.constdata)
    blackhole                                0x0001259e   Data        1250  images.o(.constdata)
    asteroidRight                            0x00012a80   Data         450  images.o(.constdata)
    asteroidLeft                             0x00012c42   Data         450  images.o(.constdata)
    asteroidBlank                            0x00012e04   Data         800  images.o(.constdata)
    asteroidLeftWhite                        0x00013124   Data         800  images.o(.constdata)
    asteroidRightWhite                       0x00013444   Data         800  images.o(.constdata)
    menu                                     0x00013764   Data       21250  images.o(.constdata)
    InputPortMsg                             0x00018a66   Data          40  texas.o(.constdata)
    OutputPortMsg                            0x00018a8e   Data          40  texas.o(.constdata)
    BlankMsg                                 0x00018ab6   Data          40  texas.o(.constdata)
    InitializedMsg                           0x00018ade   Data          40  texas.o(.constdata)
    IntroMsg                                 0x00018b06   Data          40  texas.o(.constdata)
    DoneMsg                                  0x00018b2e   Data          40  texas.o(.constdata)
    Region$$Table$$Base                      0x00018b58   Number         0  anon$$obj.o(Region$$Table)
    Region$$Table$$Limit                     0x00018b78   Number         0  anon$$obj.o(Region$$Table)
    PeriodicTask0                            0x20000000   Data           4  timer0.o(.data)
    currentTime                              0x20000004   Data           4  timer1.o(.data)
    currentPosition                          0x20000008   Data           1  timer1.o(.data)
    currentAnimation                         0x20000009   Data           1  timer1.o(.data)
    spawnRate                                0x2000000c   Data           4  timer1.o(.data)
    PeriodicTask1                            0x20000010   Data           4  timer1.o(.data)
    location                                 0x20000014   Data           4  sound.o(.data)
    windowLocation                           0x20000018   Data           4  spaceinvaders.o(.data)
    terrainDeleteOffset                      0x2000001c   Data           4  spaceinvaders.o(.data)
    crashed                                  0x20000020   Data           1  spaceinvaders.o(.data)
    hoverActivated                           0x20000021   Data           1  spaceinvaders.o(.data)
    numberOfLandings                         0x20000022   Data           1  spaceinvaders.o(.data)
    seed                                     0x20000024   Data           4  spaceinvaders.o(.data)
    numberOfEntities                         0x20000028   Data           4  spaceinvaders.o(.data)
    currentGameState                         0x2000002c   Data           1  spaceinvaders.o(.data)
    currentDifficulty                        0x2000002d   Data           1  spaceinvaders.o(.data)
    maxTerrainHeight                         0x20000034   Data           1  spaceinvaders.o(.data)
    fuel                                     0x20000036   Data           2  spaceinvaders.o(.data)
    StX                                      0x20000038   Data           4  st7735.o(.data)
    StY                                      0x2000003c   Data           4  st7735.o(.data)
    StTextColor                              0x20000040   Data           2  st7735.o(.data)
    lastj                                    0x20000048   Data           4  st7735.o(.data)
    Messageindex                             0x20000050   Data           4  st7735.o(.data)
    Ymax                                     0x20000054   Data           4  st7735.o(.data)
    Ymin                                     0x20000058   Data           4  st7735.o(.data)
    X                                        0x2000005c   Data           4  st7735.o(.data)
    Yrange                                   0x20000060   Data           4  st7735.o(.data)
    GRAVITY                                  0x20000064   Data           1  physicsengine.o(.data)
    shipOnGround                             0x20000065   Data           1  physicsengine.o(.data)
    TExaS_Period                             0x20000068   Data           4  texas.o(.data)
    TExaS_Ports                              0x2000006c   Data           8  texas.o(.data)
    TExaS_Meter                              0x20000074   Data           4  texas.o(.data)
    ADCnum                                   0x20000078   Data           4  texas.o(.data)
    LastMode                                 0x2000007c   Data           4  texas.o(.data)
    bFlag                                    0x20000080   Data           4  texas.o(.data)
    Count                                    0x20000084   Data           4  texas.o(.data)
    DelayBetweenTests                        0x20000088   Data           4  texas.o(.data)
    TExaS_Test                               0x2000008c   Data           4  texas.o(.data)
    ScopeMode                                0x20000090   Data           4  texas.o(.data)
    ScopeCount                               0x20000094   Data           4  texas.o(.data)
    TerrainHeight                            0x2000009c   Data        2000  spaceinvaders.o(.bss)
    bitmapMatrix                             0x2000086c   Data        1800  spaceinvaders.o(.bss)
    entities                                 0x20000f74   Data         280  spaceinvaders.o(.bss)
    asteroidObjects                          0x2000108c   Data         240  spaceinvaders.o(.bss)
    TExaS                                    0x20001180   Data          56  texas.o(.bss)
    __libspace_start                         0x200011b8   Data          96  libspace.o(.bss)
    __temporary_stack_top$libspace           0x20001218   Data           0  libspace.o(.bss)



==============================================================================

Memory Map of the image

  Image Entry point : 0x0000026d

  Load Region LR_1 (Base: 0x00000000, Size: 0x00018c14, Max: 0xffffffff, ABSOLUTE)

    Execution Region ER_RO (Base: 0x00000000, Size: 0x00018b78, Max: 0xffffffff, ABSOLUTE)

    Base Addr    Size         Type   Attr      Idx    E Section Name        Object

    0x00000000   0x00000284   Code   RO            3  * RESET               startup.o
    0x00000284   0x00000008   Code   RO          787  * !!!main             c_w.l(__main.o)
    0x0000028c   0x00000034   Code   RO          941    !!!scatter          c_w.l(__scatter.o)
    0x000002c0   0x0000001a   Code   RO          943    !!handler_copy      c_w.l(__scatter_copy.o)
    0x000002da   0x00000002   PAD
    0x000002dc   0x0000001c   Code   RO          945    !!handler_zi        c_w.l(__scatter_zi.o)
    0x000002f8   0x00000002   Code   RO          814    .ARM.Collect$$libinit$$00000000  c_w.l(libinit.o)
    0x000002fa   0x00000000   Code   RO          821    .ARM.Collect$$libinit$$00000002  c_w.l(libinit2.o)
    0x000002fa   0x00000000   Code   RO          824    .ARM.Collect$$libinit$$00000008  c_w.l(libinit2.o)
    0x000002fa   0x00000000   Code   RO          826    .ARM.Collect$$libinit$$0000000A  c_w.l(libinit2.o)
    0x000002fa   0x00000000   Code   RO          828    .ARM.Collect$$libinit$$0000000C  c_w.l(libinit2.o)
    0x000002fa   0x00000000   Code   RO          831    .ARM.Collect$$libinit$$0000000F  c_w.l(libinit2.o)
    0x000002fa   0x00000000   Code   RO          833    .ARM.Collect$$libinit$$00000011  c_w.l(libinit2.o)
    0x000002fa   0x00000000   Code   RO          835    .ARM.Collect$$libinit$$00000013  c_w.l(libinit2.o)
    0x000002fa   0x00000000   Code   RO          837    .ARM.Collect$$libinit$$00000015  c_w.l(libinit2.o)
    0x000002fa   0x00000000   Code   RO          839    .ARM.Collect$$libinit$$00000017  c_w.l(libinit2.o)
    0x000002fa   0x00000000   Code   RO          841    .ARM.Collect$$libinit$$00000019  c_w.l(libinit2.o)
    0x000002fa   0x00000000   Code   RO          843    .ARM.Collect$$libinit$$0000001B  c_w.l(libinit2.o)
    0x000002fa   0x00000000   Code   RO          845    .ARM.Collect$$libinit$$0000001D  c_w.l(libinit2.o)
    0x000002fa   0x00000000   Code   RO          847    .ARM.Collect$$libinit$$0000001F  c_w.l(libinit2.o)
    0x000002fa   0x00000000   Code   RO          849    .ARM.Collect$$libinit$$00000021  c_w.l(libinit2.o)
    0x000002fa   0x00000000   Code   RO          851    .ARM.Collect$$libinit$$00000023  c_w.l(libinit2.o)
    0x000002fa   0x00000000   Code   RO          855    .ARM.Collect$$libinit$$0000002A  c_w.l(libinit2.o)
    0x000002fa   0x00000000   Code   RO          857    .ARM.Collect$$libinit$$0000002C  c_w.l(libinit2.o)
    0x000002fa   0x00000000   Code   RO          859    .ARM.Collect$$libinit$$0000002E  c_w.l(libinit2.o)
    0x000002fa   0x00000000   Code   RO          861    .ARM.Collect$$libinit$$00000030  c_w.l(libinit2.o)
    0x000002fa   0x00000002   Code   RO          862    .ARM.Collect$$libinit$$00000031  c_w.l(libinit2.o)
    0x000002fc   0x00000002   Code   RO          882    .ARM.Collect$$libshutdown$$00000000  c_w.l(libshutdown.o)
    0x000002fe   0x00000000   Code   RO          896    .ARM.Collect$$libshutdown$$00000003  c_w.l(libshutdown2.o)
    0x000002fe   0x00000000   Code   RO          899    .ARM.Collect$$libshutdown$$00000006  c_w.l(libshutdown2.o)
    0x000002fe   0x00000000   Code   RO          902    .ARM.Collect$$libshutdown$$00000009  c_w.l(libshutdown2.o)
    0x000002fe   0x00000000   Code   RO          904    .ARM.Collect$$libshutdown$$0000000B  c_w.l(libshutdown2.o)
    0x000002fe   0x00000000   Code   RO          907    .ARM.Collect$$libshutdown$$0000000E  c_w.l(libshutdown2.o)
    0x000002fe   0x00000002   Code   RO          908    .ARM.Collect$$libshutdown$$0000000F  c_w.l(libshutdown2.o)
    0x00000300   0x00000000   Code   RO          789    .ARM.Collect$$rtentry$$00000000  c_w.l(rtentry.o)
    0x00000300   0x00000000   Code   RO          791    .ARM.Collect$$rtentry$$00000002  c_w.l(rtentry2.o)
    0x00000300   0x00000006   Code   RO          803    .ARM.Collect$$rtentry$$00000004  c_w.l(rtentry4.o)
    0x00000306   0x00000000   Code   RO          793    .ARM.Collect$$rtentry$$00000009  c_w.l(rtentry2.o)
    0x00000306   0x00000004   Code   RO          794    .ARM.Collect$$rtentry$$0000000A  c_w.l(rtentry2.o)
    0x0000030a   0x00000000   Code   RO          796    .ARM.Collect$$rtentry$$0000000C  c_w.l(rtentry2.o)
    0x0000030a   0x00000008   Code   RO          797    .ARM.Collect$$rtentry$$0000000D  c_w.l(rtentry2.o)
    0x00000312   0x00000002   Code   RO          818    .ARM.Collect$$rtexit$$00000000  c_w.l(rtexit.o)
    0x00000314   0x00000000   Code   RO          864    .ARM.Collect$$rtexit$$00000002  c_w.l(rtexit2.o)
    0x00000314   0x00000004   Code   RO          865    .ARM.Collect$$rtexit$$00000003  c_w.l(rtexit2.o)
    0x00000318   0x00000006   Code   RO          866    .ARM.Collect$$rtexit$$00000004  c_w.l(rtexit2.o)
    0x0000031e   0x00000002   PAD
    0x00000320   0x00000030   Code   RO            4    .text               startup.o
    0x00000350   0x0000003c   Code   RO           13    .text               random.o
    0x0000038c   0x00000050   Code   RO          213    .text               lcd.o
    0x000003dc   0x000004a0   Code   RO          766    .text               texas.o
    0x0000087c   0x00000006   Code   RO          785    .text               c_w.l(heapauxi.o)
    0x00000882   0x0000004a   Code   RO          805    .text               c_w.l(sys_stackheap_outer.o)
    0x000008cc   0x0000000c   Code   RO          807    .text               c_w.l(exit.o)
    0x000008d8   0x00000008   Code   RO          815    .text               c_w.l(libspace.o)
    0x000008e0   0x0000000c   Code   RO          874    .text               c_w.l(sys_exit.o)
    0x000008ec   0x00000002   Code   RO          885    .text               c_w.l(use_no_semi.o)
    0x000008ee   0x00000000   Code   RO          887    .text               c_w.l(indicate_semi.o)
    0x000008ee   0x00000002   PAD
    0x000008f0   0x0000002c   Code   RO           35    i.ADC1_Input        adc.o
    0x0000091c   0x0000002c   Code   RO           36    i.ADC2_Input        adc.o
    0x00000948   0x00000150   Code   RO           37    i.ADC_Init          adc.o
    0x00000a98   0x00000070   Code   RO          711    i.Button_Init       button.o
    0x00000b08   0x00000044   Code   RO           16    i.DAC_Init          dac.o
    0x00000b4c   0x00000024   Code   RO          723    i.Delay100ms        menu.o
    0x00000b70   0x00000020   Code   RO          361    i.Delay1ms          st7735.o
    0x00000b90   0x00000010   Code   RO          364    i.Output_Init       st7735.o
    0x00000ba0   0x00000028   Code   RO          219    i.PortA_Init        spaceinvaders.o
    0x00000bc8   0x00000120   Code   RO          368    i.ST7735_DrawBitmap  st7735.o
    0x00000ce8   0x00000154   Code   RO          370    i.ST7735_DrawCharS  st7735.o
    0x00000e3c   0x00000048   Code   RO          373    i.ST7735_DrawPixel  st7735.o
    0x00000e84   0x00000056   Code   RO          374    i.ST7735_DrawString  st7735.o
    0x00000eda   0x00000002   PAD
    0x00000edc   0x000000ac   Code   RO          375    i.ST7735_FillRect   st7735.o
    0x00000f88   0x00000024   Code   RO          376    i.ST7735_FillScreen  st7735.o
    0x00000fac   0x0000007c   Code   RO          378    i.ST7735_InitR      st7735.o
    0x00001028   0x000000d4   Code   RO          380    i.ST7735_OutChar    st7735.o
    0x000010fc   0x00000018   Code   RO          381    i.ST7735_OutString  st7735.o
    0x00001114   0x00000020   Code   RO          391    i.ST7735_SetCursor  st7735.o
    0x00001134   0x000000d4   Code   RO          392    i.ST7735_SetRotation  st7735.o
    0x00001208   0x0000005c   Code   RO          149    i.Sound_Init        sound.o
    0x00001264   0x0000003c   Code   RO          151    i.Sound_Play        sound.o
    0x000012a0   0x00000208   Code   RO          220    i.SysTick_Handler   spaceinvaders.o
    0x000014a8   0x00000034   Code   RO          221    i.SysTick_Init      spaceinvaders.o
    0x000014dc   0x00000018   Code   RO           74    i.Timer0A_Handler   timer0.o
    0x000014f4   0x00000060   Code   RO           75    i.Timer0_Init       timer0.o
    0x00001554   0x00000020   Code   RO           95    i.Timer1A_Handler   timer1.o
    0x00001574   0x0000005c   Code   RO           96    i.Timer1_Init       timer1.o
    0x000015d0   0x00000108   Code   RO          222    i.checkBitmapMatrix  spaceinvaders.o
    0x000016d8   0x00000228   Code   RO          625    i.checkInteractions  physicsengine.o
    0x00001900   0x00000028   Code   RO          626    i.checkShipLanded   physicsengine.o
    0x00001928   0x0000021c   Code   RO           97    i.checkToSpawnAsteroid  timer1.o
    0x00001b44   0x00000184   Code   RO          627    i.collisionDetection  physicsengine.o
    0x00001cc8   0x00000056   Code   RO          395    i.commandList       st7735.o
    0x00001d1e   0x00000002   PAD
    0x00001d20   0x00000184   Code   RO          396    i.commonInit        st7735.o
    0x00001ea4   0x00000024   Code   RO          223    i.createPlayer      spaceinvaders.o
    0x00001ec8   0x000000b8   Code   RO          224    i.deleteAllOldImages  spaceinvaders.o
    0x00001f80   0x0000001c   Code   RO          724    i.disableUneededInterrupts  menu.o
    0x00001f9c   0x00000088   Code   RO          225    i.displayData       spaceinvaders.o
    0x00002024   0x0000011c   Code   RO          226    i.drawRotatedShip   spaceinvaders.o
    0x00002140   0x0000002e   Code   RO          628    i.getApproximateSquareRoot  physicsengine.o
    0x0000216e   0x0000002a   Code   RO          629    i.getDistance       physicsengine.o
    0x00002198   0x000000f8   Code   RO          227    i.getNewX           spaceinvaders.o
    0x00002290   0x000000f8   Code   RO          228    i.getNewY           spaceinvaders.o
    0x00002388   0x0000003e   Code   RO           38    i.getShipAngle      adc.o
    0x000023c6   0x00000002   PAD
    0x000023c8   0x0000001c   Code   RO          630    i.getXComponentVelocity  physicsengine.o
    0x000023e4   0x0000001c   Code   RO          631    i.getYComponentVelocity  physicsengine.o
    0x00002400   0x00000018   Code   RO           39    i.getYThrust        adc.o
    0x00002418   0x000004cc   Code   RO          229    i.main              spaceinvaders.o
    0x000028e4   0x00000034   Code   RO          230    i.matrixInit        spaceinvaders.o
    0x00002918   0x0000006c   Code   RO          231    i.paintAsteroids    spaceinvaders.o
    0x00002984   0x000001ac   Code   RO          232    i.paintEnvironment  spaceinvaders.o
    0x00002b30   0x00000010   Code   RO          233    i.paintShip         spaceinvaders.o
    0x00002b40   0x000000d4   Code   RO          725    i.pollForInput      menu.o
    0x00002c14   0x00000020   Code   RO          726    i.pollForRelease    menu.o
    0x00002c34   0x000001ac   Code   RO          234    i.populateTerrain   spaceinvaders.o
    0x00002de0   0x0000004a   Code   RO          235    i.printData         spaceinvaders.o
    0x00002e2a   0x00000012   Code   RO          401    i.pushColor         st7735.o
    0x00002e3c   0x00000074   Code   RO          402    i.setAddrWindow     st7735.o
    0x00002eb0   0x0000000c   Code   RO           98    i.setSpawnRate      timer1.o
    0x00002ebc   0x0000017c   Code   RO           99    i.spawnAsteroid     timer1.o
    0x00003038   0x00000030   Code   RO          728    i.startMenu         menu.o
    0x00003068   0x00000368   Code   RO          632    i.updateAsteroids   physicsengine.o
    0x000033d0   0x00000020   Code   RO          633    i.updateFuel        physicsengine.o
    0x000033f0   0x00000048   Code   RO          634    i.updatePosition    physicsengine.o
    0x00003438   0x00000074   Code   RO          635    i.updateVelocity    physicsengine.o
    0x000034ac   0x00000064   Code   RO          236    i.updateWindowLocation  spaceinvaders.o
    0x00003510   0x0000dcc8   Data   RO          153    .constdata          sound.o
    0x000111d8   0x000007e2   Data   RO          404    .constdata          st7735.o
    0x000119ba   0x000005a4   Data   RO          636    .constdata          physicsengine.o
    0x00011f5e   0x00006b08   Data   RO          702    .constdata          images.o
    0x00018a66   0x000000f0   Data   RO          768    .constdata          texas.o
    0x00018b56   0x00000002   PAD
    0x00018b58   0x00000020   Data   RO          939    Region$$Table       anon$$obj.o


    Execution Region ER_RW (Base: 0x20000000, Size: 0x0000009c, Max: 0xffffffff, ABSOLUTE)

    Base Addr    Size         Type   Attr      Idx    E Section Name        Object

    0x20000000   0x00000004   Data   RW           76    .data               timer0.o
    0x20000004   0x00000010   Data   RW          100    .data               timer1.o
    0x20000014   0x00000004   Data   RW          154    .data               sound.o
    0x20000018   0x00000020   Data   RW          238    .data               spaceinvaders.o
    0x20000038   0x0000002c   Data   RW          405    .data               st7735.o
    0x20000064   0x00000002   Data   RW          637    .data               physicsengine.o
    0x20000066   0x00000002   PAD
    0x20000068   0x00000030   Data   RW          769    .data               texas.o
    0x20000098   0x00000004   Data   RW           12    DATA                random.o


    Execution Region ER_ZI (Base: 0x2000009c, Size: 0x0000157c, Max: 0xffffffff, ABSOLUTE)

    Base Addr    Size         Type   Attr      Idx    E Section Name        Object

    0x2000009c   0x000010e0   Zero   RW          237    .bss                spaceinvaders.o
    0x2000117c   0x00000004   PAD
    0x20001180   0x00000038   Zero   RW          767    .bss                texas.o
    0x200011b8   0x00000060   Zero   RW          816    .bss                c_w.l(libspace.o)
    0x20001218   0x00000000   Zero   RW            2    HEAP                startup.o
    0x20001218   0x00000400   Zero   RW            1    STACK               startup.o


==============================================================================

Image component sizes


      Code (inc. data)   RO Data    RW Data    ZI Data      Debug   Object Name

       510         44          0          0          0       2313   adc.o
       112         18          0          0          0        626   button.o
        68         12          0          0          0       4815   dac.o
         0          0      27400          0          0        836   images.o
        80         12          0          0          0        180   lcd.o
       356         36          0          0          0       2398   menu.o
      2216        122       1444          2          0       6766   physicsengine.o
        60         14          0          4          0        180   random.o
       152         28      56520          4          0       1179   sound.o
      4446        484          0         32       4320      12615   spaceinvaders.o
      2254        202       2018         44          0      12573   st7735.o
       692        632          0          0       1024        860   startup.o
      1184        188        240         48         56      14668   texas.o
       120         28          0          4          0       1196   timer0.o
      1056         92          0         16          0       4062   timer1.o

    ----------------------------------------------------------------------
     13312       1912      87656        156       5404      65267   Object Totals
         0          0         32          0          0          0   (incl. Generated)
         6          0          2          2          4          0   (incl. Padding)

    ----------------------------------------------------------------------

      Code (inc. data)   RO Data    RW Data    ZI Data      Debug   Library Member Name

         8          0          0          0          0         68   __main.o
        52          8          0          0          0          0   __scatter.o
        26          0          0          0          0          0   __scatter_copy.o
        28          0          0          0          0          0   __scatter_zi.o
        12          0          0          0          0         72   exit.o
         6          0          0          0          0        152   heapauxi.o
         0          0          0          0          0          0   indicate_semi.o
         2          0          0          0          0          0   libinit.o
         2          0          0          0          0          0   libinit2.o
         2          0          0          0          0          0   libshutdown.o
         2          0          0          0          0          0   libshutdown2.o
         8          4          0          0         96         68   libspace.o
         0          0          0          0          0          0   rtentry.o
        12          0          0          0          0          0   rtentry2.o
         6          0          0          0          0          0   rtentry4.o
         2          0          0          0          0          0   rtexit.o
        10          0          0          0          0          0   rtexit2.o
        12          4          0          0          0         68   sys_exit.o
        74          0          0          0          0         80   sys_stackheap_outer.o
         2          0          0          0          0         68   use_no_semi.o

    ----------------------------------------------------------------------
       272         16          0          0         96        576   Library Totals
         6          0          0          0          0          0   (incl. Padding)

    ----------------------------------------------------------------------

      Code (inc. data)   RO Data    RW Data    ZI Data      Debug   Library Name

       266         16          0          0         96        576   c_w.l

    ----------------------------------------------------------------------
       272         16          0          0         96        576   Library Totals

    ----------------------------------------------------------------------

==============================================================================


      Code (inc. data)   RO Data    RW Data    ZI Data      Debug   

     13584       1928      87656        156       5500      62047   Grand Totals
     13584       1928      87656        156       5500      62047   ELF Image Totals
     13584       1928      87656        156          0          0   ROM Totals

==============================================================================

    Total RO  Size (Code + RO Data)               101240 (  98.87kB)
    Total RW  Size (RW Data + ZI Data)              5656 (   5.52kB)
    Total ROM Size (Code + RO Data + RW Data)     101396 (  99.02kB)

==============================================================================

